[    0.000000] Linux version 6.17.0-8-generic (buildd@lcy02-amd64-076) (x86_64-linux-gnu-gcc (Ubuntu 15.2.0-4ubuntu4) 15.2.0, GNU ld (GNU Binutils for Ubuntu) 2.45) #8-Ubuntu SMP PREEMPT_DYNAMIC Fri Nov 14 21:44:46 UTC 2025 (Ubuntu 6.17.0-8.8-generic 6.17.2)
[    0.000000] Command line: BOOT_IMAGE=/vmlinuz-6.17.0-8-generic root=UUID=47004517-e621-4c0c-9872-a2032add4075 ro rootflags=subvol=@ quiet splash resume=UUID=09176ef5-1dfb-4b51-9a83-e20e95d21916 vt.handoff=7
[    0.000000] KERNEL supported cpus:
[    0.000000]   Intel GenuineIntel
[    0.000000]   AMD AuthenticAMD
[    0.000000]   Hygon HygonGenuine
[    0.000000]   Centaur CentaurHauls
[    0.000000]   zhaoxin   Shanghai  
[    0.000000] BIOS-provided physical RAM map:
[    0.000000] BIOS-e820: [mem 0x0000000000000000-0x000000000009efff] usable
[    0.000000] BIOS-e820: [mem 0x000000000009f000-0x00000000000fffff] reserved
[    0.000000] BIOS-e820: [mem 0x0000000000100000-0x0000000074f59fff] usable
[    0.000000] BIOS-e820: [mem 0x0000000074f5a000-0x000000007887cfff] reserved
[    0.000000] BIOS-e820: [mem 0x000000007887d000-0x00000000788f9fff] ACPI data
[    0.000000] BIOS-e820: [mem 0x00000000788fa000-0x0000000078dcffff] ACPI NVS
[    0.000000] BIOS-e820: [mem 0x0000000078dd0000-0x000000007a10dfff] reserved
[    0.000000] BIOS-e820: [mem 0x000000007a10e000-0x000000007a10efff] usable
[    0.000000] BIOS-e820: [mem 0x000000007a10f000-0x000000007fffffff] reserved
[    0.000000] BIOS-e820: [mem 0x00000000e0000000-0x00000000efffffff] reserved
[    0.000000] BIOS-e820: [mem 0x00000000fe000000-0x00000000fe010fff] reserved
[    0.000000] BIOS-e820: [mem 0x00000000fec00000-0x00000000fec00fff] reserved
[    0.000000] BIOS-e820: [mem 0x00000000fed00000-0x00000000fed03fff] reserved
[    0.000000] BIOS-e820: [mem 0x00000000fee00000-0x00000000fee00fff] reserved
[    0.000000] BIOS-e820: [mem 0x00000000ff000000-0x00000000ffffffff] reserved
[    0.000000] BIOS-e820: [mem 0x0000000100000000-0x000000047dffffff] usable
[    0.000000] NX (Execute Disable) protection: active
[    0.000000] APIC: Static calls initialized
[    0.000000] efi: EFI v2.7 by American Megatrends
[    0.000000] efi: ACPI 2.0=0x78896000 ACPI=0x78896000 TPMFinalLog=0x78d3a000 SMBIOS=0x79ebf000 SMBIOS 3.0=0x79ebe000 MEMATTR=0x70f80418 ESRT=0x70f81f98 MOKvar=0x79eed000 INITRD=0x6dc40798 RNG=0x78895018 TPMEventLog=0x78888018 
[    0.000000] random: crng init done
[    0.000000] efi: Remove mem47: MMIO range=[0xe0000000-0xefffffff] (256MB) from e820 map
[    0.000000] e820: remove [mem 0xe0000000-0xefffffff] reserved
[    0.000000] efi: Not removing mem48: MMIO range=[0xfe000000-0xfe010fff] (68KB) from e820 map
[    0.000000] efi: Not removing mem49: MMIO range=[0xfec00000-0xfec00fff] (4KB) from e820 map
[    0.000000] efi: Not removing mem50: MMIO range=[0xfed00000-0xfed03fff] (16KB) from e820 map
[    0.000000] efi: Not removing mem51: MMIO range=[0xfee00000-0xfee00fff] (4KB) from e820 map
[    0.000000] efi: Remove mem52: MMIO range=[0xff000000-0xffffffff] (16MB) from e820 map
[    0.000000] e820: remove [mem 0xff000000-0xffffffff] reserved
[    0.000000] SMBIOS 3.2.1 present.
[    0.000000] DMI: Micro-Star International Co., Ltd. GF63 Thin 9SC/MS-16R3, BIOS E16R3IMS.108 03/26/2020
[    0.000000] DMI: Memory slots populated: 2/2
[    0.000000] secureboot: Secure boot disabled
[    0.000000] tsc: Detected 2600.000 MHz processor
[    0.000000] tsc: Detected 2599.992 MHz TSC
[    0.000413] e820: update [mem 0x00000000-0x00000fff] usable ==> reserved
[    0.000416] e820: remove [mem 0x000a0000-0x000fffff] usable
[    0.000425] last_pfn = 0x47e000 max_arch_pfn = 0x400000000
[    0.000430] MTRR map: 5 entries (3 fixed + 2 variable; max 23), built from 10 variable MTRRs
[    0.000433] x86/PAT: Configuration [0-7]: WB  WC  UC- UC  WB  WP  UC- WT  
[    0.000924] last_pfn = 0x7a10f max_arch_pfn = 0x400000000
[    0.016883] esrt: Reserving ESRT space from 0x0000000070f81f98 to 0x0000000070f81fd0.
[    0.016890] e820: update [mem 0x70f81000-0x70f81fff] usable ==> reserved
[    0.016909] Using GB pages for direct mapping
[    0.017225] secureboot: Secure boot disabled
[    0.017226] RAMDISK: [mem 0x64d96000-0x6a0f3fff]
[    0.017861] ACPI: Early table checksum verification disabled
[    0.017864] ACPI: RSDP 0x0000000078896000 000024 (v02 MSI_NB)
[    0.017869] ACPI: XSDT 0x00000000788960B0 0000E4 (v01 MSI_NB MEGABOOK 01072009 AMI  00010013)
[    0.017875] ACPI: FACP 0x00000000788CC518 000114 (v06 MSI_NB MEGABOOK 01072009 AMI  00010013)
[    0.017881] ACPI: DSDT 0x0000000078896228 0362EB (v02 MSI_NB MEGABOOK 01072009 INTL 20160527)
[    0.017885] ACPI: FACS 0x0000000078DCF080 000040
[    0.017888] ACPI: APIC 0x00000000788CC630 0000F4 (v04 MSI_NB MEGABOOK 01072009 AMI  00010013)
[    0.017891] ACPI: FPDT 0x00000000788CC728 000044 (v01 MSI_NB MEGABOOK 01072009 AMI  00010013)
[    0.017895] ACPI: FIDT 0x00000000788CC770 00009C (v01 MSI_NB MEGABOOK 01072009 AMI  00010013)
[    0.017898] ACPI: ECDT 0x00000000788CC810 0000C1 (v01 MSI_NB MEGABOOK 01072009 AMI. 00010013)
[    0.017901] ACPI: MCFG 0x00000000788CC8D8 00003C (v01 MSI_NB MEGABOOK 01072009 MSFT 00000097)
[    0.017905] ACPI: SSDT 0x00000000788CC918 001B1C (v02 CpuRef CpuSsdt  00003000 INTL 20160527)
[    0.017908] ACPI: MSDM 0x00000000788CE438 000055 (v03 MSI_NB MEGABOOK 01072009 AMI  00010013)
[    0.017912] ACPI: SLIC 0x00000000788CE490 000176 (v01 MSI_NB MEGABOOK 01072009 AMI  00010013)
[    0.017915] ACPI: SSDT 0x00000000788CE608 0031C6 (v02 SaSsdt SaSsdt   00003000 INTL 20160527)
[    0.017918] ACPI: SSDT 0x00000000788D17D0 0025A7 (v02 PegSsd PegSsdt  00001000 INTL 20160527)
[    0.017922] ACPI: HPET 0x00000000788D3D78 000038 (v01 MSI_NB MEGABOOK 00000002      01000013)
[    0.017925] ACPI: SSDT 0x00000000788D3DB0 000B89 (v02 INTEL  xh_cfhd4 00000000 INTL 20160527)
[    0.017929] ACPI: UEFI 0x00000000788D4940 000042 (v01 MSI_NB MEGABOOK 00000002      01000013)
[    0.017932] ACPI: LPIT 0x00000000788D4988 000094 (v01 MSI_NB MEGABOOK 00000002      01000013)
[    0.017935] ACPI: DBGP 0x00000000788D4A20 000034 (v01 MSI_NB MEGABOOK 00000002      01000013)
[    0.017939] ACPI: DBG2 0x00000000788D4A58 000054 (v00 MSI_NB MEGABOOK 00000002      01000013)
[    0.017942] ACPI: DMAR 0x00000000788D4AB0 0000A8 (v01 INTEL  EDK2     00000002      01000013)
[    0.017945] ACPI: SSDT 0x00000000788D4B58 000144 (v02 Intel  ADebTabl 00001000 INTL 20160527)
[    0.017949] ACPI: SSDT 0x00000000788D4CA0 0000AE (v02 SgRef  SgPeg    00001000 INTL 20160527)
[    0.017952] ACPI: BGRT 0x00000000788D4D50 000038 (v01 MSI_NB MEGABOOK 01072009 AMI  00010013)
[    0.017955] ACPI: TPM2 0x00000000788D4D88 000034 (v04 MSI_NB MEGABOOK 00000001 AMI  00000000)
[    0.017959] ACPI: SSDT 0x00000000788D4DC0 0020A6 (v01 OptRef OptTabl  00001000 INTL 20160527)
[    0.017962] ACPI: WSMT 0x00000000788D6E68 000028 (v01 MSI_NB MEGABOOK 01072009 AMI  00010013)
[    0.017965] ACPI: Reserving FACP table memory at [mem 0x788cc518-0x788cc62b]
[    0.017967] ACPI: Reserving DSDT table memory at [mem 0x78896228-0x788cc512]
[    0.017968] ACPI: Reserving FACS table memory at [mem 0x78dcf080-0x78dcf0bf]
[    0.017969] ACPI: Reserving APIC table memory at [mem 0x788cc630-0x788cc723]
[    0.017970] ACPI: Reserving FPDT table memory at [mem 0x788cc728-0x788cc76b]
[    0.017971] ACPI: Reserving FIDT table memory at [mem 0x788cc770-0x788cc80b]
[    0.017972] ACPI: Reserving ECDT table memory at [mem 0x788cc810-0x788cc8d0]
[    0.017973] ACPI: Reserving MCFG table memory at [mem 0x788cc8d8-0x788cc913]
[    0.017974] ACPI: Reserving SSDT table memory at [mem 0x788cc918-0x788ce433]
[    0.017975] ACPI: Reserving MSDM table memory at [mem 0x788ce438-0x788ce48c]
[    0.017976] ACPI: Reserving SLIC table memory at [mem 0x788ce490-0x788ce605]
[    0.017977] ACPI: Reserving SSDT table memory at [mem 0x788ce608-0x788d17cd]
[    0.017978] ACPI: Reserving SSDT table memory at [mem 0x788d17d0-0x788d3d76]
[    0.017979] ACPI: Reserving HPET table memory at [mem 0x788d3d78-0x788d3daf]
[    0.017980] ACPI: Reserving SSDT table memory at [mem 0x788d3db0-0x788d4938]
[    0.017981] ACPI: Reserving UEFI table memory at [mem 0x788d4940-0x788d4981]
[    0.017982] ACPI: Reserving LPIT table memory at [mem 0x788d4988-0x788d4a1b]
[    0.017983] ACPI: Reserving DBGP table memory at [mem 0x788d4a20-0x788d4a53]
[    0.017984] ACPI: Reserving DBG2 table memory at [mem 0x788d4a58-0x788d4aab]
[    0.017985] ACPI: Reserving DMAR table memory at [mem 0x788d4ab0-0x788d4b57]
[    0.017986] ACPI: Reserving SSDT table memory at [mem 0x788d4b58-0x788d4c9b]
[    0.017987] ACPI: Reserving SSDT table memory at [mem 0x788d4ca0-0x788d4d4d]
[    0.017988] ACPI: Reserving BGRT table memory at [mem 0x788d4d50-0x788d4d87]
[    0.017989] ACPI: Reserving TPM2 table memory at [mem 0x788d4d88-0x788d4dbb]
[    0.017990] ACPI: Reserving SSDT table memory at [mem 0x788d4dc0-0x788d6e65]
[    0.017991] ACPI: Reserving WSMT table memory at [mem 0x788d6e68-0x788d6e8f]
[    0.018512] No NUMA configuration found
[    0.018513] Faking a node at [mem 0x0000000000000000-0x000000047dffffff]
[    0.018531] NODE_DATA(0) allocated [mem 0x47dfd52c0-0x47dffffff]
[    0.018848] Zone ranges:
[    0.018850]   DMA      [mem 0x0000000000001000-0x0000000000ffffff]
[    0.018852]   DMA32    [mem 0x0000000001000000-0x00000000ffffffff]
[    0.018854]   Normal   [mem 0x0000000100000000-0x000000047dffffff]
[    0.018856]   Device   empty
[    0.018857] Movable zone start for each node
[    0.018859] Early memory node ranges
[    0.018860]   node   0: [mem 0x0000000000001000-0x000000000009efff]
[    0.018862]   node   0: [mem 0x0000000000100000-0x0000000074f59fff]
[    0.018863]   node   0: [mem 0x000000007a10e000-0x000000007a10efff]
[    0.018864]   node   0: [mem 0x0000000100000000-0x000000047dffffff]
[    0.018868] Initmem setup node 0 [mem 0x0000000000001000-0x000000047dffffff]
[    0.018874] On node 0, zone DMA: 1 pages in unavailable ranges
[    0.018896] On node 0, zone DMA: 97 pages in unavailable ranges
[    0.021606] On node 0, zone DMA32: 20916 pages in unavailable ranges
[    0.041541] On node 0, zone Normal: 24305 pages in unavailable ranges
[    0.041605] On node 0, zone Normal: 8192 pages in unavailable ranges
[    0.041635] Reserving Intel graphics memory at [mem 0x7c000000-0x7fffffff]
[    0.042160] ACPI: PM-Timer IO Port: 0x1808
[    0.042170] ACPI: LAPIC_NMI (acpi_id[0x01] high edge lint[0x1])
[    0.042172] ACPI: LAPIC_NMI (acpi_id[0x02] high edge lint[0x1])
[    0.042173] ACPI: LAPIC_NMI (acpi_id[0x03] high edge lint[0x1])
[    0.042174] ACPI: LAPIC_NMI (acpi_id[0x04] high edge lint[0x1])
[    0.042175] ACPI: LAPIC_NMI (acpi_id[0x05] high edge lint[0x1])
[    0.042176] ACPI: LAPIC_NMI (acpi_id[0x06] high edge lint[0x1])
[    0.042177] ACPI: LAPIC_NMI (acpi_id[0x07] high edge lint[0x1])
[    0.042178] ACPI: LAPIC_NMI (acpi_id[0x08] high edge lint[0x1])
[    0.042179] ACPI: LAPIC_NMI (acpi_id[0x09] high edge lint[0x1])
[    0.042180] ACPI: LAPIC_NMI (acpi_id[0x0a] high edge lint[0x1])
[    0.042181] ACPI: LAPIC_NMI (acpi_id[0x0b] high edge lint[0x1])
[    0.042182] ACPI: LAPIC_NMI (acpi_id[0x0c] high edge lint[0x1])
[    0.042242] IOAPIC[0]: apic_id 2, version 32, address 0xfec00000, GSI 0-119
[    0.042245] ACPI: INT_SRC_OVR (bus 0 bus_irq 0 global_irq 2 dfl dfl)
[    0.042247] ACPI: INT_SRC_OVR (bus 0 bus_irq 9 global_irq 9 high level)
[    0.042252] ACPI: Using ACPI (MADT) for SMP configuration information
[    0.042253] ACPI: HPET id: 0x8086a201 base: 0xfed00000
[    0.042261] e820: update [mem 0x719f5000-0x71ae8fff] usable ==> reserved
[    0.042274] TSC deadline timer available
[    0.042280] CPU topo: Max. logical packages:   1
[    0.042281] CPU topo: Max. logical dies:       1
[    0.042282] CPU topo: Max. dies per package:   1
[    0.042287] CPU topo: Max. threads per core:   2
[    0.042288] CPU topo: Num. cores per package:     6
[    0.042289] CPU topo: Num. threads per package:  12
[    0.042290] CPU topo: Allowing 12 present CPUs plus 0 hotplug CPUs
[    0.042309] PM: hibernation: Registered nosave memory: [mem 0x00000000-0x00000fff]
[    0.042312] PM: hibernation: Registered nosave memory: [mem 0x0009f000-0x000fffff]
[    0.042314] PM: hibernation: Registered nosave memory: [mem 0x70f81000-0x70f81fff]
[    0.042316] PM: hibernation: Registered nosave memory: [mem 0x719f5000-0x71ae8fff]
[    0.042318] PM: hibernation: Registered nosave memory: [mem 0x74f5a000-0x7a10dfff]
[    0.042320] PM: hibernation: Registered nosave memory: [mem 0x7a10f000-0xffffffff]
[    0.042322] [mem 0x80000000-0xfdffffff] available for PCI devices
[    0.042323] Booting paravirtualized kernel on bare hardware
[    0.042326] clocksource: refined-jiffies: mask: 0xffffffff max_cycles: 0xffffffff, max_idle_ns: 1910969940391419 ns
[    0.042335] setup_percpu: NR_CPUS:8192 nr_cpumask_bits:12 nr_cpu_ids:12 nr_node_ids:1
[    0.043052] percpu: Embedded 84 pages/cpu s221184 r8192 d114688 u524288
[    0.043060] pcpu-alloc: s221184 r8192 d114688 u524288 alloc=1*2097152
[    0.043063] pcpu-alloc: [0] 00 01 02 03 [0] 04 05 06 07 
[    0.043070] pcpu-alloc: [0] 08 09 10 11 
[    0.043094] Kernel command line: BOOT_IMAGE=/vmlinuz-6.17.0-8-generic root=UUID=47004517-e621-4c0c-9872-a2032add4075 ro rootflags=subvol=@ quiet splash resume=UUID=09176ef5-1dfb-4b51-9a83-e20e95d21916 vt.handoff=7
[    0.043213] Unknown kernel command line parameters "splash BOOT_IMAGE=/vmlinuz-6.17.0-8-generic", will be passed to user space.
[    0.043243] printk: log buffer data + meta data: 262144 + 917504 = 1179648 bytes
[    0.044601] Dentry cache hash table entries: 2097152 (order: 12, 16777216 bytes, linear)
[    0.045284] Inode-cache hash table entries: 1048576 (order: 11, 8388608 bytes, linear)
[    0.045467] software IO TLB: area num 16.
[    0.056408] Fallback order for Node 0: 0 
[    0.056411] Built 1 zonelists, mobility grouping on.  Total pages: 4140793
[    0.056413] Policy zone: Normal
[    0.056421] mem auto-init: stack:all(zero), heap alloc:on, heap free:off
[    0.097181] SLUB: HWalign=64, Order=0-3, MinObjects=0, CPUs=12, Nodes=1
[    0.109437] ftrace: allocating 61461 entries in 242 pages
[    0.109439] ftrace: allocated 242 pages with 5 groups
[    0.110401] Dynamic Preempt: voluntary
[    0.110497] rcu: Preemptible hierarchical RCU implementation.
[    0.110498] rcu: 	RCU restricting CPUs from NR_CPUS=8192 to nr_cpu_ids=12.
[    0.110499] 	Trampoline variant of Tasks RCU enabled.
[    0.110500] 	Rude variant of Tasks RCU enabled.
[    0.110500] 	Tracing variant of Tasks RCU enabled.
[    0.110501] rcu: RCU calculated value of scheduler-enlistment delay is 100 jiffies.
[    0.110502] rcu: Adjusting geometry for rcu_fanout_leaf=16, nr_cpu_ids=12
[    0.110513] RCU Tasks: Setting shift to 4 and lim to 1 rcu_task_cb_adjust=1 rcu_task_cpu_ids=12.
[    0.110515] RCU Tasks Rude: Setting shift to 4 and lim to 1 rcu_task_cb_adjust=1 rcu_task_cpu_ids=12.
[    0.110517] RCU Tasks Trace: Setting shift to 4 and lim to 1 rcu_task_cb_adjust=1 rcu_task_cpu_ids=12.
[    0.117591] NR_IRQS: 524544, nr_irqs: 2152, preallocated irqs: 16
[    0.117908] rcu: srcu_init: Setting srcu_struct sizes based on contention.
[    0.118301] Console: colour dummy device 80x25
[    0.118304] printk: legacy console [tty0] enabled
[    0.118369] ACPI: Core revision 20250404
[    0.118786] clocksource: hpet: mask: 0xffffffff max_cycles: 0xffffffff, max_idle_ns: 79635855245 ns
[    0.118931] APIC: Switch to symmetric I/O mode setup
[    0.118934] DMAR: Host address width 39
[    0.118936] DMAR: DRHD base: 0x000000fed90000 flags: 0x0
[    0.118946] DMAR: dmar0: reg_base_addr fed90000 ver 1:0 cap 1c0000c40660462 ecap 19e2ff0505e
[    0.118949] DMAR: DRHD base: 0x000000fed91000 flags: 0x1
[    0.118954] DMAR: dmar1: reg_base_addr fed91000 ver 1:0 cap d2008c40660462 ecap f050da
[    0.118956] DMAR: RMRR base: 0x00000075dfb000 end: 0x00000075e1afff
[    0.118960] DMAR: RMRR base: 0x0000007b800000 end: 0x0000007fffffff
[    0.118962] DMAR-IR: IOAPIC id 2 under DRHD base  0xfed91000 IOMMU 1
[    0.118964] DMAR-IR: HPET id 0 under DRHD base 0xfed91000
[    0.118965] DMAR-IR: Queued invalidation will be enabled to support x2apic and Intr-remapping.
[    0.122315] DMAR-IR: Enabled IRQ remapping in x2apic mode
[    0.122317] x2apic enabled
[    0.122402] APIC: Switched APIC routing to: cluster x2apic
[    0.131659] ..TIMER: vector=0x30 apic1=0 pin1=2 apic2=-1 pin2=-1
[    0.135830] clocksource: tsc-early: mask: 0xffffffffffffffff max_cycles: 0x257a34a6eea, max_idle_ns: 440795264358 ns
[    0.135836] Calibrating delay loop (skipped), value calculated using timer frequency.. 5199.98 BogoMIPS (lpj=2599992)
[    0.135861] x86/cpu: SGX disabled or unsupported by BIOS.
[    0.135867] CPU0: Thermal monitoring enabled (TM1)
[    0.135929] Last level iTLB entries: 4KB 64, 2MB 8, 4MB 8
[    0.135931] Last level dTLB entries: 4KB 64, 2MB 32, 4MB 32, 1GB 4
[    0.135936] process: using mwait in idle threads
[    0.135939] mitigations: Enabled attack vectors: user_kernel, user_user, guest_host, guest_guest, SMT mitigations: auto
[    0.135947] Speculative Store Bypass: Mitigation: Speculative Store Bypass disabled via prctl
[    0.135949] SRBDS: Mitigation: Microcode
[    0.135951] Spectre V2 : Mitigation: Enhanced / Automatic IBRS
[    0.135952] RETBleed: Mitigation: Enhanced IBRS
[    0.135953] ITS: Mitigation: Aligned branch/return thunks
[    0.135955] MMIO Stale Data: Mitigation: Clear CPU buffers
[    0.135956] VMSCAPE: Mitigation: IBPB before exit to userspace
[    0.135957] Spectre V1 : Mitigation: usercopy/swapgs barriers and __user pointer sanitization
[    0.135958] Spectre V2 : Spectre v2 / PBRSB-eIBRS: Retire a single CALL on VMEXIT
[    0.135960] Spectre V2 : mitigation: Enabling conditional Indirect Branch Prediction Barrier
[    0.135972] GDS: Vulnerable
[    0.135974] active return thunk: its_return_thunk
[    0.135977] Spectre V2 : Spectre BHI mitigation: SW BHB clearing on syscall and VM exit
[    0.135984] x86/fpu: Supporting XSAVE feature 0x001: 'x87 floating point registers'
[    0.135986] x86/fpu: Supporting XSAVE feature 0x002: 'SSE registers'
[    0.135987] x86/fpu: Supporting XSAVE feature 0x004: 'AVX registers'
[    0.135988] x86/fpu: Supporting XSAVE feature 0x008: 'MPX bounds registers'
[    0.135989] x86/fpu: Supporting XSAVE feature 0x010: 'MPX CSR'
[    0.135991] x86/fpu: xstate_offset[2]:  576, xstate_sizes[2]:  256
[    0.135993] x86/fpu: xstate_offset[3]:  832, xstate_sizes[3]:   64
[    0.135995] x86/fpu: xstate_offset[4]:  896, xstate_sizes[4]:   64
[    0.135996] x86/fpu: Enabled xstate features 0x1f, context size is 960 bytes, using 'compacted' format.
[    0.179062] Freeing SMP alternatives memory: 52K
[    0.179068] pid_max: default: 32768 minimum: 301
[    0.179125] LSM: initializing lsm=lockdown,capability,landlock,yama,apparmor,ima,evm
[    0.179147] landlock: Up and running.
[    0.179148] Yama: becoming mindful.
[    0.179183] AppArmor: AppArmor initialized
[    0.179246] Mount-cache hash table entries: 32768 (order: 6, 262144 bytes, linear)
[    0.179265] Mountpoint-cache hash table entries: 32768 (order: 6, 262144 bytes, linear)
[    0.180869] smpboot: CPU0: Intel(R) Core(TM) i7-9750H CPU @ 2.60GHz (family: 0x6, model: 0x9e, stepping: 0xd)
[    0.181083] Performance Events: PEBS fmt3+, Skylake events, 32-deep LBR, full-width counters, Intel PMU driver.
[    0.181112] ... version:                4
[    0.181114] ... bit width:              48
[    0.181115] ... generic registers:      4
[    0.181116] ... value mask:             0000ffffffffffff
[    0.181117] ... max period:             00007fffffffffff
[    0.181118] ... fixed-purpose events:   3
[    0.181119] ... event mask:             000000070000000f
[    0.181325] signal: max sigframe size: 2032
[    0.181341] Estimated ratio of average max frequency by base frequency (times 1024): 1654
[    0.183364] rcu: Hierarchical SRCU implementation.
[    0.183366] rcu: 	Max phase no-delay instances is 400.
[    0.183424] Timer migration: 2 hierarchy levels; 8 children per group; 2 crossnode level
[    0.185391] NMI watchdog: Enabled. Permanently consumes one hw-PMU counter.
[    0.185511] smp: Bringing up secondary CPUs ...
[    0.185634] smpboot: x86: Booting SMP configuration:
[    0.185636] .... node  #0, CPUs:        #1  #2  #3  #4  #5  #6  #7  #8  #9 #10 #11
[    0.190395] MMIO Stale Data CPU bug present and SMT on, data leak possible. See https://www.kernel.org/doc/html/latest/admin-guide/hw-vuln/processor_mmio_stale_data.html for more details.
[    0.190898] smp: Brought up 1 node, 12 CPUs
[    0.190898] smpboot: Total of 12 processors activated (62399.80 BogoMIPS)
[    0.191957] Memory: 16035296K/16563172K available (22760K kernel code, 4660K rwdata, 16316K rodata, 5140K init, 4328K bss, 499812K reserved, 0K cma-reserved)
[    0.192408] devtmpfs: initialized
[    0.192408] x86/mm: Memory block size: 128MB
[    0.194664] ACPI: PM: Registering ACPI NVS region [mem 0x788fa000-0x78dcffff] (5070848 bytes)
[    0.194854] clocksource: jiffies: mask: 0xffffffff max_cycles: 0xffffffff, max_idle_ns: 1911260446275000 ns
[    0.194854] posixtimers hash table entries: 8192 (order: 5, 131072 bytes, linear)
[    0.194893] futex hash table entries: 4096 (262144 bytes on 1 NUMA nodes, total 256 KiB, linear).
[    0.194987] pinctrl core: initialized pinctrl subsystem
[    0.195367] PM: RTC time: 11:20:49, date: 2025-12-11
[    0.196026] NET: Registered PF_NETLINK/PF_ROUTE protocol family
[    0.196349] DMA: preallocated 2048 KiB GFP_KERNEL pool for atomic allocations
[    0.196478] DMA: preallocated 2048 KiB GFP_KERNEL|GFP_DMA pool for atomic allocations
[    0.196615] DMA: preallocated 2048 KiB GFP_KERNEL|GFP_DMA32 pool for atomic allocations
[    0.196627] audit: initializing netlink subsys (disabled)
[    0.196643] audit: type=2000 audit(1765452049.069:1): state=initialized audit_enabled=0 res=1
[    0.196643] thermal_sys: Registered thermal governor 'fair_share'
[    0.196643] thermal_sys: Registered thermal governor 'bang_bang'
[    0.196643] thermal_sys: Registered thermal governor 'step_wise'
[    0.196643] thermal_sys: Registered thermal governor 'user_space'
[    0.196643] thermal_sys: Registered thermal governor 'power_allocator'
[    0.196836] cpuidle: using governor ladder
[    0.196841] cpuidle: using governor menu
[    0.196902] ACPI FADT declares the system doesn't support PCIe ASPM, so disable it
[    0.196902] acpiphp: ACPI Hot Plug PCI Controller Driver version: 0.5
[    0.197005] PCI: ECAM [mem 0xe0000000-0xefffffff] (base 0xe0000000) for domain 0000 [bus 00-ff]
[    0.197019] PCI: Using configuration type 1 for base access
[    0.197123] kprobes: kprobe jump-optimization is enabled. All kprobes are optimized if possible.
[    0.197123] HugeTLB: allocation took 0ms with hugepage_allocation_threads=3
[    0.197123] HugeTLB: registered 1.00 GiB page size, pre-allocated 0 pages
[    0.197123] HugeTLB: 16380 KiB vmemmap can be freed for a 1.00 GiB page
[    0.197123] HugeTLB: registered 2.00 MiB page size, pre-allocated 0 pages
[    0.197123] HugeTLB: 28 KiB vmemmap can be freed for a 2.00 MiB page
[    0.198448] ACPI: Added _OSI(Module Device)
[    0.198451] ACPI: Added _OSI(Processor Device)
[    0.198453] ACPI: Added _OSI(Processor Aggregator Device)
[    0.263699] ACPI: 8 ACPI AML tables successfully acquired and loaded
[    0.265657] ACPI: EC: EC started
[    0.265659] ACPI: EC: interrupt blocked
[    0.266583] ACPI: EC: EC_CMD/EC_SC=0x66, EC_DATA=0x62
[    0.266585] ACPI: EC: Boot ECDT EC used to handle transactions
[    0.274931] ACPI: Dynamic OEM Table Load:
[    0.274939] ACPI: SSDT 0xFFFF8ABF40C62400 000400 (v02 PmRef  Cpu0Cst  00003001 INTL 20160527)
[    0.276423] ACPI: Dynamic OEM Table Load:
[    0.276430] ACPI: SSDT 0xFFFF8ABF4249E800 000581 (v02 PmRef  Cpu0Ist  00003000 INTL 20160527)
[    0.277966] ACPI: Dynamic OEM Table Load:
[    0.277972] ACPI: SSDT 0xFFFF8ABF402CE000 0000F4 (v02 PmRef  Cpu0Psd  00003000 INTL 20160527)
[    0.279699] ACPI: Dynamic OEM Table Load:
[    0.279707] ACPI: SSDT 0xFFFF8ABF4249C800 0005FC (v02 PmRef  ApIst    00003000 INTL 20160527)
[    0.281451] ACPI: Dynamic OEM Table Load:
[    0.281459] ACPI: SSDT 0xFFFF8ABF40392000 000AB0 (v02 PmRef  ApPsd    00003000 INTL 20160527)
[    0.283704] ACPI: Dynamic OEM Table Load:
[    0.283711] ACPI: SSDT 0xFFFF8ABF40C62000 00030A (v02 PmRef  ApCst    00003000 INTL 20160527)
[    0.289709] ACPI: Interpreter enabled
[    0.289757] ACPI: PM: (supports S0 S3 S4 S5)
[    0.289759] ACPI: Using IOAPIC for interrupt routing
[    0.291708] PCI: Using host bridge windows from ACPI; if necessary, use "pci=nocrs" and report a bug
[    0.291710] PCI: Using E820 reservations for host bridge windows
[    0.292341] ACPI: Enabled 8 GPEs in block 00 to 7F
[    0.295664] ACPI: \_SB_.PCI0.PEG0.PG00: New power resource
[    0.313530] ACPI: \_SB_.PCI0.XDCI.USBC: New power resource
[    0.317177] ACPI: \_SB_.PCI0.SAT0.VOL0.V0PR: New power resource
[    0.317709] ACPI: \_SB_.PCI0.SAT0.VOL1.V1PR: New power resource
[    0.318238] ACPI: \_SB_.PCI0.SAT0.VOL2.V2PR: New power resource
[    0.327528] ACPI: \_SB_.PCI0.CNVW.WRST: New power resource
[    0.331255] ACPI: \PIN_: New power resource
[    0.331807] ACPI: PCI Root Bridge [PCI0] (domain 0000 [bus 00-fe])
[    0.331816] acpi PNP0A08:00: _OSC: OS supports [ExtendedConfig ASPM ClockPM Segments MSI EDR HPX-Type3]
[    0.335187] acpi PNP0A08:00: _OSC: OS now controls [PCIeHotplug SHPCHotplug PME AER PCIeCapability LTR DPC]
[    0.335190] acpi PNP0A08:00: FADT indicates ASPM is unsupported, using BIOS configuration
[    0.336596] PCI host bridge to bus 0000:00
[    0.336602] pci_bus 0000:00: root bus resource [io  0x0000-0x0cf7 window]
[    0.336605] pci_bus 0000:00: root bus resource [io  0x0d00-0xffff window]
[    0.336607] pci_bus 0000:00: root bus resource [mem 0x000a0000-0x000bffff window]
[    0.336609] pci_bus 0000:00: root bus resource [mem 0x000e0000-0x000fffff window]
[    0.336611] pci_bus 0000:00: root bus resource [mem 0x80000000-0xdfffffff window]
[    0.336613] pci_bus 0000:00: root bus resource [mem 0xfc800000-0xfe7fffff window]
[    0.336615] pci_bus 0000:00: root bus resource [bus 00-fe]
[    0.336644] pci 0000:00:00.0: [8086:3ec4] type 00 class 0x060000 conventional PCI endpoint
[    0.336741] pci 0000:00:01.0: [8086:1901] type 01 class 0x060400 PCIe Root Port
[    0.336754] pci 0000:00:01.0: PCI bridge to [bus 01]
[    0.336758] pci 0000:00:01.0:   bridge window [io  0x4000-0x4fff]
[    0.336761] pci 0000:00:01.0:   bridge window [mem 0xa3000000-0xa40fffff]
[    0.336767] pci 0000:00:01.0:   bridge window [mem 0x90000000-0xa1ffffff 64bit pref]
[    0.336800] pci 0000:00:01.0: PME# supported from D0 D3hot D3cold
[    0.337571] pci 0000:00:02.0: [8086:3e9b] type 00 class 0x030000 PCIe Root Complex Integrated Endpoint
[    0.337590] pci 0000:00:02.0: BAR 0 [mem 0xa2000000-0xa2ffffff 64bit]
[    0.337593] pci 0000:00:02.0: BAR 2 [mem 0x80000000-0x8fffffff 64bit pref]
[    0.337595] pci 0000:00:02.0: BAR 4 [io  0x5000-0x503f]
[    0.337612] pci 0000:00:02.0: Video device with shadowed ROM at [mem 0x000c0000-0x000dffff]
[    0.337995] pci 0000:00:12.0: [8086:a379] type 00 class 0x118000 conventional PCI endpoint
[    0.338058] pci 0000:00:12.0: BAR 0 [mem 0xa4423000-0xa4423fff 64bit]
[    0.338277] pci 0000:00:14.0: [8086:a36d] type 00 class 0x0c0330 conventional PCI endpoint
[    0.338336] pci 0000:00:14.0: BAR 0 [mem 0xa4400000-0xa440ffff 64bit]
[    0.338401] pci 0000:00:14.0: PME# supported from D3hot D3cold
[    0.340931] pci 0000:00:14.2: [8086:a36f] type 00 class 0x050000 conventional PCI endpoint
[    0.340987] pci 0000:00:14.2: BAR 0 [mem 0xa441a000-0xa441bfff 64bit]
[    0.340993] pci 0000:00:14.2: BAR 2 [mem 0xa4422000-0xa4422fff 64bit]
[    0.342208] pci 0000:00:14.3: [8086:a370] type 00 class 0x028000 PCIe Root Complex Integrated Endpoint
[    0.344334] pci 0000:00:14.3: BAR 0 [mem 0xa4414000-0xa4417fff 64bit]
[    0.348083] pci 0000:00:14.3: PME# supported from D0 D3hot D3cold
[    0.351791] pci 0000:00:15.0: [8086:a368] type 00 class 0x0c8000 conventional PCI endpoint
[    0.353069] pci 0000:00:15.0: BAR 0 [mem 0x00000000-0x00000fff 64bit]
[    0.354852] pci 0000:00:15.2: [8086:a36a] type 00 class 0x0c8000 conventional PCI endpoint
[    0.354982] pci 0000:00:15.2: BAR 0 [mem 0x00000000-0x00000fff 64bit]
[    0.355621] pci 0000:00:16.0: [8086:a360] type 00 class 0x078000 conventional PCI endpoint
[    0.355678] pci 0000:00:16.0: BAR 0 [mem 0xa441f000-0xa441ffff 64bit]
[    0.355742] pci 0000:00:16.0: PME# supported from D3hot
[    0.356377] pci 0000:00:17.0: [8086:a353] type 00 class 0x010601 conventional PCI endpoint
[    0.356435] pci 0000:00:17.0: BAR 0 [mem 0xa4418000-0xa4419fff]
[    0.356439] pci 0000:00:17.0: BAR 1 [mem 0xa441e000-0xa441e0ff]
[    0.356442] pci 0000:00:17.0: BAR 2 [io  0x5090-0x5097]
[    0.356445] pci 0000:00:17.0: BAR 3 [io  0x5080-0x5083]
[    0.356448] pci 0000:00:17.0: BAR 4 [io  0x5060-0x507f]
[    0.356452] pci 0000:00:17.0: BAR 5 [mem 0xa441d000-0xa441d7ff]
[    0.356509] pci 0000:00:17.0: PME# supported from D3hot
[    0.357122] pci 0000:00:1d.0: [8086:a330] type 01 class 0x060400 PCIe Root Port
[    0.357162] pci 0000:00:1d.0: PCI bridge to [bus 02]
[    0.357172] pci 0000:00:1d.0:   bridge window [mem 0xa4300000-0xa43fffff]
[    0.357312] pci 0000:00:1d.0: PME# supported from D0 D3hot D3cold
[    0.357379] pci 0000:00:1d.0: PTM enabled (root), 4ns granularity
[    0.358324] pci 0000:00:1d.4: [8086:a334] type 01 class 0x060400 PCIe Root Port
[    0.358364] pci 0000:00:1d.4: PCI bridge to [bus 03]
[    0.358371] pci 0000:00:1d.4:   bridge window [io  0x3000-0x3fff]
[    0.358375] pci 0000:00:1d.4:   bridge window [mem 0xa4200000-0xa42fffff]
[    0.358517] pci 0000:00:1d.4: PME# supported from D0 D3hot D3cold
[    0.358583] pci 0000:00:1d.4: PTM enabled (root), 4ns granularity
[    0.359527] pci 0000:00:1f.0: [8086:a30d] type 00 class 0x060100 conventional PCI endpoint
[    0.360149] pci 0000:00:1f.3: [8086:a348] type 00 class 0x040300 conventional PCI endpoint
[    0.360288] pci 0000:00:1f.3: BAR 0 [mem 0xa4410000-0xa4413fff 64bit]
[    0.360303] pci 0000:00:1f.3: BAR 4 [mem 0xa4100000-0xa41fffff 64bit]
[    0.360434] pci 0000:00:1f.3: PME# supported from D3hot D3cold
[    0.365313] pci 0000:00:1f.4: [8086:a323] type 00 class 0x0c0500 conventional PCI endpoint
[    0.365459] pci 0000:00:1f.4: BAR 0 [mem 0xa441c000-0xa441c0ff 64bit]
[    0.365481] pci 0000:00:1f.4: BAR 4 [io  0xefa0-0xefbf]
[    0.365918] pci 0000:00:1f.5: [8086:a324] type 00 class 0x0c8000 conventional PCI endpoint
[    0.365976] pci 0000:00:1f.5: BAR 0 [mem 0xfe010000-0xfe010fff]
[    0.366119] pci 0000:01:00.0: [10de:1f91] type 00 class 0x030200 PCIe Legacy Endpoint
[    0.366151] pci 0000:01:00.0: BAR 0 [mem 0xa3000000-0xa3ffffff]
[    0.366154] pci 0000:01:00.0: BAR 1 [mem 0x90000000-0x9fffffff 64bit pref]
[    0.366158] pci 0000:01:00.0: BAR 3 [mem 0xa0000000-0xa1ffffff 64bit pref]
[    0.366160] pci 0000:01:00.0: BAR 5 [io  0x4000-0x407f]
[    0.366163] pci 0000:01:00.0: ROM [mem 0xa4000000-0xa407ffff pref]
[    0.366221] pci 0000:01:00.0: PME# supported from D0 D3hot
[    0.366294] pci 0000:01:00.0: 32.000 Gb/s available PCIe bandwidth, limited by 2.5 GT/s PCIe x16 link at 0000:00:01.0 (capable of 126.016 Gb/s with 8.0 GT/s PCIe x16 link)
[    0.366766] pci 0000:00:01.0: PCI bridge to [bus 01]
[    0.366907] pci 0000:02:00.0: [15b7:5003] type 00 class 0x010802 PCIe Endpoint
[    0.366968] pci 0000:02:00.0: BAR 0 [mem 0xa4300000-0xa4303fff 64bit]
[    0.367333] pci 0000:00:1d.0: PCI bridge to [bus 02]
[    0.367473] pci 0000:03:00.0: [10ec:8168] type 00 class 0x020000 PCIe Endpoint
[    0.367531] pci 0000:03:00.0: BAR 0 [io  0x3000-0x30ff]
[    0.367538] pci 0000:03:00.0: BAR 2 [mem 0xa4204000-0xa4204fff 64bit]
[    0.367542] pci 0000:03:00.0: BAR 4 [mem 0xa4200000-0xa4203fff 64bit]
[    0.367660] pci 0000:03:00.0: supports D1 D2
[    0.367661] pci 0000:03:00.0: PME# supported from D0 D1 D2 D3hot D3cold
[    0.367922] pci 0000:00:1d.4: PCI bridge to [bus 03]
[    0.373631] ACPI: PCI: Interrupt link LNKA configured for IRQ 0
[    0.373736] ACPI: PCI: Interrupt link LNKB configured for IRQ 1
[    0.373840] ACPI: PCI: Interrupt link LNKC configured for IRQ 0
[    0.373946] ACPI: PCI: Interrupt link LNKD configured for IRQ 0
[    0.374047] ACPI: PCI: Interrupt link LNKE configured for IRQ 0
[    0.374148] ACPI: PCI: Interrupt link LNKF configured for IRQ 0
[    0.374249] ACPI: PCI: Interrupt link LNKG configured for IRQ 0
[    0.374350] ACPI: PCI: Interrupt link LNKH configured for IRQ 0
[    0.376452] ACPI: EC: interrupt unblocked
[    0.376454] ACPI: EC: event unblocked
[    0.376466] ACPI: EC: EC_CMD/EC_SC=0x66, EC_DATA=0x62
[    0.376468] ACPI: EC: GPE=0x13
[    0.376470] ACPI: \_SB_.PCI0.LPCB.EC__: Boot ECDT EC initialization complete
[    0.376472] ACPI: \_SB_.PCI0.LPCB.EC__: EC: Used to handle transactions and events
[    0.376589] iommu: Default domain type: Translated
[    0.376589] iommu: DMA domain TLB invalidation policy: lazy mode
[    0.376953] SCSI subsystem initialized
[    0.376962] libata version 3.00 loaded.
[    0.376962] ACPI: bus type USB registered
[    0.376962] usbcore: registered new interface driver usbfs
[    0.376962] usbcore: registered new interface driver hub
[    0.376962] usbcore: registered new device driver usb
[    0.376962] pps_core: LinuxPPS API ver. 1 registered
[    0.376962] pps_core: Software ver. 5.3.6 - Copyright 2005-2007 Rodolfo Giometti <giometti@linux.it>
[    0.376962] PTP clock support registered
[    0.376962] EDAC MC: Ver: 3.0.0
[    0.377091] efivars: Registered efivars operations
[    0.378079] NetLabel: Initializing
[    0.378081] NetLabel:  domain hash size = 128
[    0.378082] NetLabel:  protocols = UNLABELED CIPSOv4 CALIPSO
[    0.378102] NetLabel:  unlabeled traffic allowed by default
[    0.378123] mctp: management component transport protocol core
[    0.378123] NET: Registered PF_MCTP protocol family
[    0.378123] PCI: Using ACPI for IRQ routing
[    0.460141] PCI: pci_cache_line_size set to 64 bytes
[    0.460350] e820: reserve RAM buffer [mem 0x0009f000-0x0009ffff]
[    0.460352] e820: reserve RAM buffer [mem 0x70f81000-0x73ffffff]
[    0.460354] e820: reserve RAM buffer [mem 0x719f5000-0x73ffffff]
[    0.460355] e820: reserve RAM buffer [mem 0x74f5a000-0x77ffffff]
[    0.460357] e820: reserve RAM buffer [mem 0x7a10f000-0x7bffffff]
[    0.460358] e820: reserve RAM buffer [mem 0x47e000000-0x47fffffff]
[    0.460408] pci 0000:00:02.0: vgaarb: setting as boot VGA device
[    0.460408] pci 0000:00:02.0: vgaarb: bridge control possible
[    0.460408] pci 0000:00:02.0: vgaarb: VGA device added: decodes=io+mem,owns=io+mem,locks=none
[    0.460408] vgaarb: loaded
[    0.460958] hpet0: at MMIO 0xfed00000, IRQs 2, 8, 0, 0, 0, 0, 0, 0
[    0.460958] hpet0: 8 comparators, 64-bit 24.000000 MHz counter
[    0.462909] clocksource: Switched to clocksource tsc-early
[    0.463658] VFS: Disk quotas dquot_6.6.0
[    0.463670] VFS: Dquot-cache hash table entries: 512 (order 0, 4096 bytes)
[    0.463749] AppArmor: AppArmor Filesystem Enabled
[    0.463789] pnp: PnP ACPI init
[    0.463890] system 00:00: [mem 0x40000000-0x403fffff] could not be reserved
[    0.464104] system 00:01: [io  0x0680-0x069f] has been reserved
[    0.464108] system 00:01: [io  0x164e-0x164f] has been reserved
[    0.464937] system 00:05: [mem 0xfed10000-0xfed17fff] has been reserved
[    0.464940] system 00:05: [mem 0xfed18000-0xfed18fff] has been reserved
[    0.464942] system 00:05: [mem 0xfed19000-0xfed19fff] has been reserved
[    0.464944] system 00:05: [mem 0xe0000000-0xefffffff] has been reserved
[    0.464946] system 00:05: [mem 0xfed20000-0xfed3ffff] has been reserved
[    0.464948] system 00:05: [mem 0xfed90000-0xfed93fff] could not be reserved
[    0.464950] system 00:05: [mem 0xfed45000-0xfed8ffff] has been reserved
[    0.464952] system 00:05: [mem 0xfee00000-0xfeefffff] could not be reserved
[    0.465242] system 00:06: [io  0x1800-0x18fe] could not be reserved
[    0.465245] system 00:06: [mem 0xfd000000-0xfd69ffff] has been reserved
[    0.465247] system 00:06: [mem 0xfd6c0000-0xfd6cffff] has been reserved
[    0.465249] system 00:06: [mem 0xfd6f0000-0xfdffffff] has been reserved
[    0.465251] system 00:06: [mem 0xfe000000-0xfe01ffff] could not be reserved
[    0.465253] system 00:06: [mem 0xfe200000-0xfe7fffff] has been reserved
[    0.465255] system 00:06: [mem 0xff000000-0xffffffff] has been reserved
[    0.465643] system 00:07: [io  0x2000-0x20fe] has been reserved
[    0.467896] pnp: PnP ACPI: found 9 devices
[    0.474161] clocksource: acpi_pm: mask: 0xffffff max_cycles: 0xffffff, max_idle_ns: 2085701024 ns
[    0.474233] NET: Registered PF_INET protocol family
[    0.474381] IP idents hash table entries: 262144 (order: 9, 2097152 bytes, linear)
[    0.495134] tcp_listen_portaddr_hash hash table entries: 8192 (order: 5, 131072 bytes, linear)
[    0.495159] Table-perturb hash table entries: 65536 (order: 6, 262144 bytes, linear)
[    0.495223] TCP established hash table entries: 131072 (order: 8, 1048576 bytes, linear)
[    0.495516] TCP bind hash table entries: 65536 (order: 9, 2097152 bytes, linear)
[    0.495793] TCP: Hash tables configured (established 131072 bind 65536)
[    0.495909] MPTCP token hash table entries: 16384 (order: 6, 393216 bytes, linear)
[    0.495988] UDP hash table entries: 8192 (order: 7, 524288 bytes, linear)
[    0.496078] UDP-Lite hash table entries: 8192 (order: 7, 524288 bytes, linear)
[    0.496193] NET: Registered PF_UNIX/PF_LOCAL protocol family
[    0.496208] NET: Registered PF_XDP protocol family
[    0.496235] resource: avoiding allocation from e820 entry [mem 0x0009f000-0x000fffff]
[    0.496238] resource: avoiding allocation from e820 entry [mem 0x0009f000-0x000fffff]
[    0.496241] pci 0000:00:15.0: BAR 0 [mem 0xa4420000-0xa4420fff 64bit]: assigned
[    0.496273] resource: avoiding allocation from e820 entry [mem 0x0009f000-0x000fffff]
[    0.496275] resource: avoiding allocation from e820 entry [mem 0x0009f000-0x000fffff]
[    0.496277] pci 0000:00:15.2: BAR 0 [mem 0xa4421000-0xa4421fff 64bit]: assigned
[    0.496306] pci 0000:00:01.0: PCI bridge to [bus 01]
[    0.496308] pci 0000:00:01.0:   bridge window [io  0x4000-0x4fff]
[    0.496312] pci 0000:00:01.0:   bridge window [mem 0xa3000000-0xa40fffff]
[    0.496315] pci 0000:00:01.0:   bridge window [mem 0x90000000-0xa1ffffff 64bit pref]
[    0.496320] pci 0000:00:1d.0: PCI bridge to [bus 02]
[    0.496329] pci 0000:00:1d.0:   bridge window [mem 0xa4300000-0xa43fffff]
[    0.496340] pci 0000:00:1d.4: PCI bridge to [bus 03]
[    0.496343] pci 0000:00:1d.4:   bridge window [io  0x3000-0x3fff]
[    0.496349] pci 0000:00:1d.4:   bridge window [mem 0xa4200000-0xa42fffff]
[    0.496360] pci_bus 0000:00: resource 4 [io  0x0000-0x0cf7 window]
[    0.496363] pci_bus 0000:00: resource 5 [io  0x0d00-0xffff window]
[    0.496364] pci_bus 0000:00: resource 6 [mem 0x000a0000-0x000bffff window]
[    0.496366] pci_bus 0000:00: resource 7 [mem 0x000e0000-0x000fffff window]
[    0.496368] pci_bus 0000:00: resource 8 [mem 0x80000000-0xdfffffff window]
[    0.496370] pci_bus 0000:00: resource 9 [mem 0xfc800000-0xfe7fffff window]
[    0.496371] pci_bus 0000:01: resource 0 [io  0x4000-0x4fff]
[    0.496373] pci_bus 0000:01: resource 1 [mem 0xa3000000-0xa40fffff]
[    0.496375] pci_bus 0000:01: resource 2 [mem 0x90000000-0xa1ffffff 64bit pref]
[    0.496377] pci_bus 0000:02: resource 1 [mem 0xa4300000-0xa43fffff]
[    0.496379] pci_bus 0000:03: resource 0 [io  0x3000-0x3fff]
[    0.496380] pci_bus 0000:03: resource 1 [mem 0xa4200000-0xa42fffff]
[    0.497050] PCI: CLS 64 bytes, default 64
[    0.497118] DMAR: No ATSR found
[    0.497119] DMAR: No SATC found
[    0.497121] DMAR: dmar0: Using Queued invalidation
[    0.497124] DMAR: dmar1: Using Queued invalidation
[    0.497191] Trying to unpack rootfs image as initramfs...
[    0.497536] pci 0000:00:02.0: Adding to iommu group 0
[    0.497994] pci 0000:00:00.0: Adding to iommu group 1
[    0.498012] pci 0000:00:01.0: Adding to iommu group 2
[    0.498026] pci 0000:00:12.0: Adding to iommu group 3
[    0.498044] pci 0000:00:14.0: Adding to iommu group 4
[    0.498054] pci 0000:00:14.2: Adding to iommu group 4
[    0.498065] pci 0000:00:14.3: Adding to iommu group 5
[    0.498082] pci 0000:00:15.0: Adding to iommu group 6
[    0.498093] pci 0000:00:15.2: Adding to iommu group 6
[    0.498107] pci 0000:00:16.0: Adding to iommu group 7
[    0.498117] pci 0000:00:17.0: Adding to iommu group 8
[    0.498145] pci 0000:00:1d.0: Adding to iommu group 9
[    0.498161] pci 0000:00:1d.4: Adding to iommu group 10
[    0.498187] pci 0000:00:1f.0: Adding to iommu group 11
[    0.498198] pci 0000:00:1f.3: Adding to iommu group 11
[    0.498209] pci 0000:00:1f.4: Adding to iommu group 11
[    0.498220] pci 0000:00:1f.5: Adding to iommu group 11
[    0.498225] pci 0000:01:00.0: Adding to iommu group 2
[    0.498242] pci 0000:02:00.0: Adding to iommu group 12
[    0.498259] pci 0000:03:00.0: Adding to iommu group 13
[    0.499408] DMAR: Intel(R) Virtualization Technology for Directed I/O
[    0.499411] PCI-DMA: Using software bounce buffering for IO (SWIOTLB)
[    0.499413] software IO TLB: mapped [mem 0x0000000060d76000-0x0000000064d76000] (64MB)
[    0.527847] Initialise system trusted keyrings
[    0.527857] Key type blacklist registered
[    0.527954] workingset: timestamp_bits=36 max_order=22 bucket_order=0
[    0.528245] squashfs: version 4.0 (2009/01/31) Phillip Lougher
[    0.528434] fuse: init (API version 7.44)
[    0.528759] integrity: Platform Keyring initialized
[    0.528764] integrity: Machine keyring initialized
[    0.542958] Key type asymmetric registered
[    0.542960] Asymmetric key parser 'x509' registered
[    0.542979] Block layer SCSI generic (bsg) driver version 0.4 loaded (major 242)
[    0.543068] io scheduler mq-deadline registered
[    0.544052] ledtrig-cpu: registered to indicate activity on CPUs
[    0.544310] pcieport 0000:00:01.0: PME: Signaling with IRQ 123
[    0.544613] pcieport 0000:00:1d.0: PME: Signaling with IRQ 124
[    0.544717] pcieport 0000:00:1d.0: AER: enabled with IRQ 124
[    0.544825] pcieport 0000:00:1d.0: DPC: enabled with IRQ 124
[    0.544829] pcieport 0000:00:1d.0: DPC: error containment capabilities: Int Msg #0, RPExt+ PoisonedTLP+ SwTrigger+ RP PIO Log 4, DL_ActiveErr+
[    0.545200] pcieport 0000:00:1d.4: PME: Signaling with IRQ 125
[    0.545316] pcieport 0000:00:1d.4: AER: enabled with IRQ 125
[    0.545412] pcieport 0000:00:1d.4: DPC: enabled with IRQ 125
[    0.545414] pcieport 0000:00:1d.4: DPC: error containment capabilities: Int Msg #0, RPExt+ PoisonedTLP+ SwTrigger+ RP PIO Log 4, DL_ActiveErr+
[    0.546234] ACPI: AC: AC Adapter [ADP1] (on-line)
[    0.546295] input: Lid Switch as /devices/LNXSYSTM:00/LNXSYBUS:00/PNP0A08:00/device:20/PNP0C09:00/PNP0C0D:00/input/input0
[    0.546333] ACPI: button: Lid Switch [LID0]
[    0.546381] input: Sleep Button as /devices/LNXSYSTM:00/LNXSYBUS:00/PNP0C0E:00/input/input1
[    0.546403] ACPI: button: Sleep Button [SLPB]
[    0.546435] input: Power Button as /devices/LNXSYSTM:00/LNXSYBUS:00/PNP0C0C:00/input/input2
[    0.546453] ACPI: button: Power Button [PWRB]
[    0.546485] input: Power Button as /devices/LNXSYSTM:00/LNXPWRBN:00/input/input3
[    0.546521] ACPI: button: Power Button [PWRF]
[    0.549380] thermal LNXTHERM:00: registered as thermal_zone0
[    0.549383] ACPI: thermal: Thermal Zone [THRM] (65 C)
[    0.549712] Serial: 8250/16550 driver, 32 ports, IRQ sharing enabled
[    0.552607] Linux agpgart interface v0.103
[    0.564103] loop: module loaded
[    0.564395] ACPI: bus type drm_connector registered
[    0.564631] tun: Universal TUN/TAP device driver, 1.6
[    0.564690] PPP generic driver version 2.4.2
[    0.564977] xhci_hcd 0000:00:14.0: xHCI Host Controller
[    0.564984] xhci_hcd 0000:00:14.0: new USB bus registered, assigned bus number 1
[    0.566170] xhci_hcd 0000:00:14.0: hcc params 0x200077c1 hci version 0x110 quirks 0x0000000000009810
[    0.566534] xhci_hcd 0000:00:14.0: xHCI Host Controller
[    0.566538] xhci_hcd 0000:00:14.0: new USB bus registered, assigned bus number 2
[    0.566542] xhci_hcd 0000:00:14.0: Host supports USB 3.1 Enhanced SuperSpeed
[    0.566590] usb usb1: New USB device found, idVendor=1d6b, idProduct=0002, bcdDevice= 6.17
[    0.566593] usb usb1: New USB device strings: Mfr=3, Product=2, SerialNumber=1
[    0.566595] usb usb1: Product: xHCI Host Controller
[    0.566597] usb usb1: Manufacturer: Linux 6.17.0-8-generic xhci-hcd
[    0.566599] usb usb1: SerialNumber: 0000:00:14.0
[    0.566770] hub 1-0:1.0: USB hub found
[    0.566793] hub 1-0:1.0: 16 ports detected
[    0.569259] usb usb2: New USB device found, idVendor=1d6b, idProduct=0003, bcdDevice= 6.17
[    0.569263] usb usb2: New USB device strings: Mfr=3, Product=2, SerialNumber=1
[    0.569265] usb usb2: Product: xHCI Host Controller
[    0.569267] usb usb2: Manufacturer: Linux 6.17.0-8-generic xhci-hcd
[    0.569268] usb usb2: SerialNumber: 0000:00:14.0
[    0.569399] hub 2-0:1.0: USB hub found
[    0.569419] hub 2-0:1.0: 8 ports detected
[    0.570676] i8042: PNP: PS/2 Controller [PNP0303:PS2K,PNP0f13:PS2M] at 0x60,0x64 irq 1,12
[    0.574583] serio: i8042 KBD port at 0x60,0x64 irq 1
[    0.574589] serio: i8042 AUX port at 0x60,0x64 irq 12
[    0.574792] mousedev: PS/2 mouse device common for all mice
[    0.575133] rtc_cmos 00:02: RTC can wake from S4
[    0.576745] rtc_cmos 00:02: registered as rtc0
[    0.577057] rtc_cmos 00:02: setting system clock to 2025-12-11T11:20:50 UTC (1765452050)
[    0.577092] rtc_cmos 00:02: alarms up to one month, y3k, 242 bytes nvram
[    0.577103] i2c_dev: i2c /dev entries driver
[    0.577553] device-mapper: core: CONFIG_IMA_DISABLE_HTABLE is disabled. Duplicate IMA measurements will not be recorded in the IMA log.
[    0.577570] device-mapper: uevent: version 1.0.3
[    0.577654] device-mapper: ioctl: 4.50.0-ioctl (2025-04-28) initialised: dm-devel@lists.linux.dev
[    0.577659] intel_pstate: Intel P-state driver initializing
[    0.578404] intel_pstate: Disabling energy efficiency optimization
[    0.578405] intel_pstate: HWP enabled
[    0.578529] simple-framebuffer simple-framebuffer.0: [drm] Registered 1 planes with drm panic
[    0.578531] [drm] Initialized simpledrm 1.0.0 for simple-framebuffer.0 on minor 0
[    0.578944] fbcon: Deferring console take-over
[    0.578946] simple-framebuffer simple-framebuffer.0: [drm] fb0: simpledrmdrmfb frame buffer device
[    0.579061] drop_monitor: Initializing network drop monitor service
[    0.579127] NET: Registered PF_INET6 protocol family
[    0.579568] Segment Routing with IPv6
[    0.579574] In-situ OAM (IOAM) with IPv6
[    0.579587] NET: Registered PF_PACKET protocol family
[    0.579611] Key type dns_resolver registered
[    0.580548] ENERGY_PERF_BIAS: Set to 'normal', was 'performance'
[    0.581035] microcode: Current revision: 0x00000104
[    0.581037] microcode: Updated early from: 0x000000b8
[    0.581499] IPI shorthand broadcast: enabled
[    0.582889] sched_clock: Marking stable (574001209, 8622718)->(591200397, -8576470)
[    0.583112] registered taskstats version 1
[    0.584421] input: AT Translated Set 2 keyboard as /devices/platform/i8042/serio0/input/input4
[    0.585052] Loading compiled-in X.509 certificates
[    0.585457] Loaded X.509 cert 'Build time autogenerated kernel key: 8d7af9b004fb468421e0da6136c8bc9a04377871'
[    0.585839] Loaded X.509 cert 'Canonical Ltd. Live Patch Signing 2025 Kmod: d541cef61dc7e793b7eb7e899970a2eef0b5dc8c'
[    0.586201] Loaded X.509 cert 'Canonical Ltd. Live Patch Signing: 14df34d1a87cf37625abec039ef2bf521249b969'
[    0.586523] Loaded X.509 cert 'Canonical Ltd. Kernel Module Signing: 88f752e560a1e0737e31163a466ad7b70a850c19'
[    0.586524] blacklist: Loading compiled-in revocation X.509 certificates
[    0.586535] Loaded X.509 cert 'Canonical Ltd. Secure Boot Signing: 61482aa2830d0ab2ad5af10b7250da9033ddcef0'
[    0.586542] Loaded X.509 cert 'Canonical Ltd. Secure Boot Signing (2017): 242ade75ac4a15e50d50c84b0d45ff3eae707a03'
[    0.586550] Loaded X.509 cert 'Canonical Ltd. Secure Boot Signing (ESM 2018): 365188c1d374d6b07c3c8f240f8ef722433d6a8b'
[    0.586557] Loaded X.509 cert 'Canonical Ltd. Secure Boot Signing (2019): c0746fd6c5da3ae827864651ad66ae47fe24b3e8'
[    0.586565] Loaded X.509 cert 'Canonical Ltd. Secure Boot Signing (2021 v1): a8d54bbb3825cfb94fa13c9f8a594a195c107b8d'
[    0.586572] Loaded X.509 cert 'Canonical Ltd. Secure Boot Signing (2021 v2): 4cf046892d6fd3c9a5b03f98d845f90851dc6a8c'
[    0.586579] Loaded X.509 cert 'Canonical Ltd. Secure Boot Signing (2021 v3): 100437bb6de6e469b581e61cd66bce3ef4ed53af'
[    0.586588] Loaded X.509 cert 'Canonical Ltd. Secure Boot Signing (Ubuntu Core 2019): c1d57b8f6b743f23ee41f4f7ee292f06eecadfb9'
[    0.590301] Demotion targets for Node 0: null
[    0.590391] Key type .fscrypt registered
[    0.590406] Key type fscrypt-provisioning registered
[    0.590438] Key type big_key registered
[    0.590441] Key type trusted registered
[    0.645352] Freeing initrd memory: 85368K
[    0.664092] ACPI: battery: Slot [BAT1] (battery present)
[    0.670030] Key type encrypted registered
[    0.670033] AppArmor: AppArmor sha256 policy hashing enabled
[    0.671121] integrity: Loading X.509 certificate: UEFI:db
[    0.671149] integrity: Loaded X.509 cert 'Microsoft Corporation UEFI CA 2011: 13adbf4309bd82709c8cd54f316ed522988a1bd4'
[    0.671150] integrity: Loading X.509 certificate: UEFI:db
[    0.671161] integrity: Loaded X.509 cert 'Microsoft Windows Production PCA 2011: a92902398e16c49778cd90f99e4f9ae17c55af53'
[    0.671162] integrity: Loading X.509 certificate: UEFI:db
[    0.671171] integrity: Loaded X.509 cert 'Microsoft UEFI CA 2023: 81aa6b3244c935bce0d6628af39827421e32497d'
[    0.671171] integrity: Loading X.509 certificate: UEFI:db
[    0.671180] integrity: Loaded X.509 cert 'Microsoft Option ROM UEFI CA 2023: 514fbf937fa46fb57bf07af8bed84b3b864b1711'
[    0.672610] Loading compiled-in module X.509 certificates
[    0.673002] Loaded X.509 cert 'Build time autogenerated kernel key: 8d7af9b004fb468421e0da6136c8bc9a04377871'
[    0.673004] ima: Allocated hash algorithm: sha256
[    0.690312] ima: No architecture policies found
[    0.690326] evm: Initialising EVM extended attributes:
[    0.690327] evm: security.selinux
[    0.690328] evm: security.SMACK64
[    0.690329] evm: security.SMACK64EXEC
[    0.690330] evm: security.SMACK64TRANSMUTE
[    0.690330] evm: security.SMACK64MMAP
[    0.690331] evm: security.apparmor
[    0.690332] evm: security.ima
[    0.690332] evm: security.capability
[    0.690333] evm: HMAC attrs: 0x1
[    0.690553] PM:   Magic number: 5:301:327
[    0.691818] RAS: Correctable Errors collector initialized.
[    0.696576] clk: Disabling unused clocks
[    0.696578] PM: genpd: Disabling unused power domains
[    0.698183] Freeing unused decrypted memory: 2028K
[    0.699005] Freeing unused kernel image (initmem) memory: 5140K
[    0.699022] Write protecting the kernel read-only data: 40960k
[    0.699896] Freeing unused kernel image (text/rodata gap) memory: 1812K
[    0.700034] Freeing unused kernel image (rodata/data gap) memory: 68K
[    0.716488] x86/mm: Checked W+X mappings: passed, no W+X pages found.
[    0.716493] Run /init as init process
[    0.716494]   with arguments:
[    0.716496]     /init
[    0.716497]     splash
[    0.716498]   with environment:
[    0.716499]     HOME=/
[    0.716499]     TERM=linux
[    0.716500]     BOOT_IMAGE=/vmlinuz-6.17.0-8-generic
[    0.808634] usb 1-3: new full-speed USB device number 2 using xhci_hcd
[    0.835566] hid: raw HID events driver (C) Jiri Kosina
[    0.835918] intel-lpss 0000:00:15.0: enabling device (0000 -> 0002)
[    0.836760] idma64 idma64.0: Found Intel integrated DMA 64-bit
[    0.836766] Key type psk registered
[    0.842185] intel-lpss 0000:00:15.2: enabling device (0000 -> 0002)
[    0.842428] idma64 idma64.1: Found Intel integrated DMA 64-bit
[    0.852156] r8169 0000:03:00.0: can't disable ASPM; OS doesn't have ASPM control
[    0.858468] ahci 0000:00:17.0: AHCI vers 0001.0301, 32 command slots, 6 Gbps, SATA mode
[    0.858474] ahci 0000:00:17.0: 1/1 ports implemented (port mask 0x10)
[    0.858476] ahci 0000:00:17.0: flags: 64bit ncq sntf pm clo only pio slum part ems deso sadm sds apst 
[    0.858726] r8169 0000:03:00.0 eth0: RTL8168h/8111h, 00:d8:61:85:5d:58, XID 541, IRQ 135
[    0.858730] r8169 0000:03:00.0 eth0: jumbo features [frames: 9194 bytes, tx checksumming: ko]
[    0.859004] scsi host0: ahci
[    0.859120] scsi host1: ahci
[    0.859214] scsi host2: ahci
[    0.859300] scsi host3: ahci
[    0.859378] scsi host4: ahci
[    0.859410] ata1: DUMMY
[    0.859412] ata2: DUMMY
[    0.859412] ata3: DUMMY
[    0.859413] ata4: DUMMY
[    0.859418] ata5: SATA max UDMA/133 abar m2048@0xa441d000 port 0xa441d300 irq 134 lpm-pol 3
[    0.949372] usb 1-3: New USB device found, idVendor=046d, idProduct=c534, bcdDevice=51.00
[    0.949386] usb 1-3: New USB device strings: Mfr=1, Product=2, SerialNumber=0
[    0.949392] usb 1-3: Product: USB Receiver
[    0.949396] usb 1-3: Manufacturer: Logitech
[    1.066770] usb 1-4: new high-speed USB device number 3 using xhci_hcd
[    1.164986] ata5: SATA link up 6.0 Gbps (SStatus 133 SControl 300)
[    1.165869] ata5.00: supports DRM functions and may not be fully accessible
[    1.165876] ata5.00: ATA-10: CT1000MX500SSD1, M3CR046, max UDMA/133
[    1.166033] ata5.00: 1953525168 sectors, multi 1: LBA48 NCQ (depth 32), AA
[    1.167189] ata5.00: Features: Trust Dev-Sleep DIPM
[    1.167531] ata5.00: supports DRM functions and may not be fully accessible
[    1.168772] ata5.00: configured for UDMA/133
[    1.177615] psmouse serio1: elantech: assuming hardware version 4 (with firmware version 0x4d5f01)
[    1.179037] ahci 0000:00:17.0: port does not support device sleep
[    1.179461] scsi 4:0:0:0: Direct-Access     ATA      CT1000MX500SSD1  046  PQ: 0 ANSI: 5
[    1.180004] sd 4:0:0:0: Attached scsi generic sg0 type 0
[    1.180141] sd 4:0:0:0: [sda] 1953525168 512-byte logical blocks: (1.00 TB/932 GiB)
[    1.180178] sd 4:0:0:0: [sda] Write Protect is off
[    1.180188] sd 4:0:0:0: [sda] Mode Sense: 00 3a 00 00
[    1.180222] sd 4:0:0:0: [sda] Write cache: enabled, read cache: enabled, doesn't support DPO or FUA
[    1.180274] sd 4:0:0:0: [sda] Preferred minimum I/O size 512 bytes
[    1.188550] psmouse serio1: elantech: Synaptics capabilities query result 0x11, 0x15, 0x0d.
[    1.192987] usb 1-4: New USB device found, idVendor=17ef, idProduct=1028, bcdDevice=55.43
[    1.192997] usb 1-4: New USB device strings: Mfr=1, Product=2, SerialNumber=0
[    1.193001] usb 1-4: Product: USB2.0 Hub             
[    1.193005] usb 1-4: Manufacturer: VIA Labs, Inc.         
[    1.194472] hub 1-4:1.0: USB hub found
[    1.194730] hub 1-4:1.0: 4 ports detected
[    1.199464] psmouse serio1: elantech: Elan sample query result 03, c0, 76
[    1.227543]  sda: sda1 sda2 sda3 sda4
[    1.230147] sd 4:0:0:0: [sda] supports TCG Opal
[    1.230160] sd 4:0:0:0: [sda] Attached SCSI disk
[    1.236117] r8169 0000:03:00.0 enp3s0: renamed from eth0
[    1.236967] nvme nvme0: pci function 0000:02:00.0
[    1.238860] input: CUST0001:00 04F3:30AA Mouse as /devices/pci0000:00/0000:00:15.2/i2c_designware.1/i2c-1/i2c-CUST0001:00/0018:04F3:30AA.0001/input/input7
[    1.238957] input: CUST0001:00 04F3:30AA Touchpad as /devices/pci0000:00/0000:00:15.2/i2c_designware.1/i2c-1/i2c-CUST0001:00/0018:04F3:30AA.0001/input/input9
[    1.239033] hid-generic 0018:04F3:30AA.0001: input,hidraw0: I2C HID v1.00 Mouse [CUST0001:00 04F3:30AA] on i2c-CUST0001:00
[    1.245770] nvme nvme0: 12/0/0 default/read/poll queues
[    1.248989]  nvme0n1: p1 p2 p3 p4
[    1.258089] input: ETPS/2 Elantech Touchpad as /devices/platform/i8042/serio1/input/input6
[    1.300792] input: CUST0001:00 04F3:30AA Mouse as /devices/pci0000:00/0000:00:15.2/i2c_designware.1/i2c-1/i2c-CUST0001:00/0018:04F3:30AA.0001/input/input10
[    1.301043] input: CUST0001:00 04F3:30AA Touchpad as /devices/pci0000:00/0000:00:15.2/i2c_designware.1/i2c-1/i2c-CUST0001:00/0018:04F3:30AA.0001/input/input12
[    1.301301] hid-multitouch 0018:04F3:30AA.0001: input,hidraw0: I2C HID v1.00 Mouse [CUST0001:00 04F3:30AA] on i2c-CUST0001:00
[    1.429714] usb 1-14: new full-speed USB device number 4 using xhci_hcd
[    1.554693] usb 1-14: New USB device found, idVendor=8087, idProduct=0aaa, bcdDevice= 0.02
[    1.554707] usb 1-14: New USB device strings: Mfr=0, Product=0, SerialNumber=0
[    1.566685] tsc: Refined TSC clocksource calibration: 2592.030 MHz
[    1.566711] clocksource: tsc: mask: 0xffffffffffffffff max_cycles: 0x255cd36d175, max_idle_ns: 440795306908 ns
[    1.566775] clocksource: Switched to clocksource tsc
[    1.573251] input: Logitech USB Receiver as /devices/pci0000:00/0000:00:14.0/usb1/1-3/1-3:1.0/0003:046D:C534.0002/input/input13
[    1.624253] hid-generic 0003:046D:C534.0002: input,hidraw1: USB HID v1.11 Keyboard [Logitech USB Receiver] on usb-0000:00:14.0-3/input0
[    1.638186] input: Logitech USB Receiver Mouse as /devices/pci0000:00/0000:00:14.0/usb1/1-3/1-3:1.1/0003:046D:C534.0003/input/input14
[    1.638876] input: Logitech USB Receiver Consumer Control as /devices/pci0000:00/0000:00:14.0/usb1/1-3/1-3:1.1/0003:046D:C534.0003/input/input15
[    1.690139] input: Logitech USB Receiver System Control as /devices/pci0000:00/0000:00:14.0/usb1/1-3/1-3:1.1/0003:046D:C534.0003/input/input16
[    1.690732] hid-generic 0003:046D:C534.0003: input,hiddev0,hidraw2: USB HID v1.11 Mouse [Logitech USB Receiver] on usb-0000:00:14.0-3/input1
[    1.690859] usbcore: registered new interface driver usbhid
[    1.690867] usbhid: USB HID core driver
[    1.718204] logitech-djreceiver 0003:046D:C534.0002: hidraw1: USB HID v1.11 Keyboard [Logitech USB Receiver] on usb-0000:00:14.0-3/input0
[    1.824370] logitech-djreceiver 0003:046D:C534.0003: hiddev0,hidraw2: USB HID v1.11 Mouse [Logitech USB Receiver] on usb-0000:00:14.0-3/input1
[    1.878674] logitech-djreceiver 0003:046D:C534.0003: device of type eQUAD nano Lite (0x0a) connected on slot 1
[    1.880668] logitech-djreceiver 0003:046D:C534.0003: device of type eQUAD nano Lite (0x0a) connected on slot 2
[    1.880889] input: Logitech Wireless Keyboard PID:4023 Keyboard as /devices/pci0000:00/0000:00:14.0/usb1/1-3/1-3:1.1/0003:046D:C534.0003/0003:046D:4023.0004/input/input19
[    1.881512] hid-generic 0003:046D:4023.0004: input,hidraw3: USB HID v1.11 Keyboard [Logitech Wireless Keyboard PID:4023] on usb-0000:00:14.0-3/input1:1
[    1.883150] input: Logitech Wireless Mouse PID:4091 Mouse as /devices/pci0000:00/0000:00:14.0/usb1/1-3/1-3:1.1/0003:046D:C534.0003/0003:046D:4091.0005/input/input24
[    1.884065] input: Logitech Wireless Mouse PID:4091 Consumer Control as /devices/pci0000:00/0000:00:14.0/usb1/1-3/1-3:1.1/0003:046D:C534.0003/0003:046D:4091.0005/input/input25
[    1.884370] hid-generic 0003:046D:4091.0005: input,hidraw4: USB HID v1.11 Mouse [Logitech Wireless Mouse PID:4091] on usb-0000:00:14.0-3/input1:2
[    1.899698] usb 1-4.2: new high-speed USB device number 5 using xhci_hcd
[    1.916943] input: Logitech Wireless Keyboard PID:4023 as /devices/pci0000:00/0000:00:14.0/usb1/1-3/1-3:1.1/0003:046D:C534.0003/0003:046D:4023.0004/input/input29
[    1.917199] logitech-hidpp-device 0003:046D:4023.0004: input,hidraw3: USB HID v1.11 Keyboard [Logitech Wireless Keyboard PID:4023] on usb-0000:00:14.0-3/input1:1
[    1.924782] logitech-hidpp-device 0003:046D:4023.0004: hidpp_root_get_protocol_version: received protocol error 0x08
[    1.971025] input: Logitech Wireless Mouse as /devices/pci0000:00/0000:00:14.0/usb1/1-3/1-3:1.1/0003:046D:C534.0003/0003:046D:4091.0005/input/input30
[    1.971618] logitech-hidpp-device 0003:046D:4091.0005: input,hidraw4: USB HID v1.11 Mouse [Logitech Wireless Mouse] on usb-0000:00:14.0-3/input1:2
[    1.978755] logitech-hidpp-device 0003:046D:4091.0005: hidpp_root_get_protocol_version: received protocol error 0x08
[    2.039256] usb 1-4.2: New USB device found, idVendor=17e9, idProduct=6015, bcdDevice=31.04
[    2.039268] usb 1-4.2: New USB device strings: Mfr=1, Product=2, SerialNumber=3
[    2.039273] usb 1-4.2: Product: ThinkPad Hybrid USB-C with USB-A Dock
[    2.039278] usb 1-4.2: Manufacturer: DisplayLink
[    2.039281] usb 1-4.2: SerialNumber: 12708259
[    2.097673] raid6: avx2x4   gen() 44623 MB/s
[    2.114675] raid6: avx2x2   gen() 45316 MB/s
[    2.131689] raid6: avx2x1   gen() 37694 MB/s
[    2.131690] raid6: using algorithm avx2x2 gen() 45316 MB/s
[    2.148674] raid6: .... xor() 24952 MB/s, rmw enabled
[    2.148675] raid6: using avx2x2 recovery algorithm
[    2.149750] xor: automatically using best checksumming function   avx       
[    2.166637] usb 1-4.3: new high-speed USB device number 6 using xhci_hcd
[    2.253766] Btrfs loaded, zoned=yes, fsverity=yes
[    2.302034] usb 1-4.3: New USB device found, idVendor=17ef, idProduct=a359, bcdDevice=31.03
[    2.302038] usb 1-4.3: New USB device strings: Mfr=1, Product=2, SerialNumber=6
[    2.302040] usb 1-4.3: Product: ThinkPad Lan
[    2.302041] usb 1-4.3: Manufacturer: Lenovo
[    2.302043] usb 1-4.3: SerialNumber: 3013B3191
[    2.436748] usb 1-4.4: new high-speed USB device number 7 using xhci_hcd
[    2.574654] usb 1-4.4: New USB device found, idVendor=17ef, idProduct=1029, bcdDevice=55.44
[    2.574667] usb 1-4.4: New USB device strings: Mfr=1, Product=2, SerialNumber=0
[    2.574673] usb 1-4.4: Product: USB2.0 Hub             
[    2.574677] usb 1-4.4: Manufacturer: VIA Labs, Inc.         
[    2.575724] hub 1-4.4:1.0: USB hub found
[    2.576304] hub 1-4.4:1.0: 4 ports detected
[    2.592147] PM: Image not found (code -22)
[    2.633633] BTRFS: device label Linux devid 1 transid 37102 /dev/nvme0n1p3 (259:3) scanned by mount (339)
[    2.634152] BTRFS info (device nvme0n1p3): first mount of filesystem 47004517-e621-4c0c-9872-a2032add4075
[    2.634174] BTRFS info (device nvme0n1p3): using crc32c (crc32c-lib) checksum algorithm
[    2.700699] usbcore: registered new device driver r8152-cfgselector
[    2.707085] BTRFS info (device nvme0n1p3): enabling ssd optimizations
[    2.707088] BTRFS info (device nvme0n1p3): enabling free space tree
[    2.826192] r8152-cfgselector 1-4.3: reset high-speed USB device number 6 using xhci_hcd
[    3.001272] r8152 1-4.3:1.0 eth0: v1.12.13
[    3.001341] usbcore: registered new interface driver r8152
[    3.008576] usbcore: registered new interface driver cdc_ether
[    3.009542] usbcore: registered new interface driver r8153_ecm
[    3.015441] r8152 1-4.3:1.0 enx806d973b3191: renamed from eth0
[    3.134382] systemd[1]: Inserted module 'autofs4'
[    3.217351] systemd[1]: systemd 257.9-0ubuntu2 running in system mode (+PAM +AUDIT +SELINUX +APPARMOR +IMA +IPE +SMACK +SECCOMP +GCRYPT -GNUTLS +OPENSSL +ACL +BLKID +CURL +ELFUTILS +FIDO2 +IDN2 -IDN +IPTC +KMOD +LIBCRYPTSETUP +LIBCRYPTSETUP_PLUGINS +LIBFDISK +PCRE2 +PWQUALITY +P11KIT +QRENCODE +TPM2 +BZIP2 +LZ4 +XZ +ZLIB +ZSTD +BPF_FRAMEWORK +BTF -XKBCOMMON -UTMP +SYSVINIT +LIBARCHIVE)
[    3.217360] systemd[1]: Detected architecture x86-64.
[    3.217944] systemd[1]: Hostname set to <Ubuntu>.
[    3.262849] systemd[1]: bpf-restrict-fs: BPF LSM hook not enabled in the kernel, BPF LSM not supported.
[    3.283634] usb 1-4.4.1: new low-speed USB device number 8 using xhci_hcd
[    3.423824] usb 1-4.4.1: New USB device found, idVendor=1a2c, idProduct=99f4, bcdDevice= 1.17
[    3.423829] usb 1-4.4.1: New USB device strings: Mfr=1, Product=2, SerialNumber=0
[    3.423830] usb 1-4.4.1: Product: USB Gaming Keyboard 
[    3.423831] usb 1-4.4.1: Manufacturer: SEMICO  
[    3.431383] input: SEMICO   USB Gaming Keyboard  as /devices/pci0000:00/0000:00:14.0/usb1/1-4/1-4.4/1-4.4.1/1-4.4.1:1.0/0003:1A2C:99F4.0006/input/input31
[    3.481858] hid-generic 0003:1A2C:99F4.0006: input,hidraw5: USB HID v1.10 Keyboard [SEMICO   USB Gaming Keyboard ] on usb-0000:00:14.0-4.4.1/input0
[    3.492175] input: SEMICO   USB Gaming Keyboard  Consumer Control as /devices/pci0000:00/0000:00:14.0/usb1/1-4/1-4.4/1-4.4.1/1-4.4.1:1.1/0003:1A2C:99F4.0007/input/input32
[    3.500425] systemd[1]: Queued start job for default target graphical.target.
[    3.511549] systemd[1]: Created slice machine.slice - Virtual Machine and Container Slice.
[    3.512250] systemd[1]: Created slice system-cups.slice - CUPS Slice.
[    3.512526] systemd[1]: Created slice system-modprobe.slice - Slice /system/modprobe.
[    3.512808] systemd[1]: Created slice system-systemd\x2dfsck.slice - Slice /system/systemd-fsck.
[    3.512961] systemd[1]: Created slice user.slice - User and Session Slice.
[    3.513002] systemd[1]: Started systemd-ask-password-wall.path - Forward Password Requests to Wall Directory Watch.
[    3.513119] systemd[1]: Set up automount proc-sys-fs-binfmt_misc.automount - Arbitrary Executable File Formats File System Automount Point.
[    3.513135] systemd[1]: Expecting device dev-disk-by\x2duuid-09176ef5\x2d1dfb\x2d4b51\x2d9a83\x2de20e95d21916.device - /dev/disk/by-uuid/09176ef5-1dfb-4b51-9a83-e20e95d21916...
[    3.513142] systemd[1]: Expecting device dev-disk-by\x2duuid-25f761dd\x2df3f5\x2d4c88\x2dac17\x2df5ad220b10b9.device - /dev/disk/by-uuid/25f761dd-f3f5-4c88-ac17-f5ad220b10b9...
[    3.513147] systemd[1]: Expecting device dev-disk-by\x2duuid-47004517\x2de621\x2d4c0c\x2d9872\x2da2032add4075.device - /dev/disk/by-uuid/47004517-e621-4c0c-9872-a2032add4075...
[    3.513152] systemd[1]: Expecting device dev-disk-by\x2duuid-94A5\x2d02E6.device - /dev/disk/by-uuid/94A5-02E6...
[    3.513166] systemd[1]: Reached target integritysetup.target - Local Integrity Protected Volumes.
[    3.513185] systemd[1]: Reached target nss-user-lookup.target - User and Group Name Lookups.
[    3.513197] systemd[1]: Reached target slices.target - Slice Units.
[    3.513209] systemd[1]: Reached target snapd.mounts-pre.target - Mounting snaps.
[    3.513230] systemd[1]: Reached target time-set.target - System Time Set.
[    3.513254] systemd[1]: Reached target veritysetup.target - Local Verity Protected Volumes.
[    3.513266] systemd[1]: Reached target virt-guest-shutdown.target - libvirt guests shutdown target.
[    3.513322] systemd[1]: Listening on dm-event.socket - Device-mapper event daemon FIFOs.
[    3.513382] systemd[1]: Listening on lvm2-lvmpolld.socket - LVM2 poll daemon socket.
[    3.513433] systemd[1]: Listening on syslog.socket - Syslog Socket.
[    3.513889] systemd[1]: Listening on systemd-creds.socket - Credential Encryption/Decryption.
[    3.513943] systemd[1]: Listening on systemd-initctl.socket - initctl Compatibility Named Pipe.
[    3.513991] systemd[1]: Listening on systemd-journald-dev-log.socket - Journal Socket (/dev/log).
[    3.514050] systemd[1]: Listening on systemd-journald.socket - Journal Sockets.
[    3.514083] systemd[1]: systemd-pcrextend.socket - TPM PCR Measurements was skipped because of an unmet condition check (ConditionSecurity=measured-uki).
[    3.514093] systemd[1]: systemd-pcrlock.socket - Make TPM PCR Policy was skipped because of an unmet condition check (ConditionSecurity=measured-uki).
[    3.514139] systemd[1]: Listening on systemd-udevd-control.socket - udev Control Socket.
[    3.514175] systemd[1]: Listening on systemd-udevd-kernel.socket - udev Kernel Socket.
[    3.515006] systemd[1]: Mounting dev-hugepages.mount - Huge Pages File System...
[    3.515482] systemd[1]: Mounting dev-mqueue.mount - POSIX Message Queue File System...
[    3.516045] systemd[1]: Mounting run-lock.mount - Legacy Locks Directory /run/lock...
[    3.516602] systemd[1]: Mounting sys-kernel-debug.mount - Kernel Debug File System...
[    3.517044] systemd[1]: Mounting sys-kernel-tracing.mount - Kernel Trace File System...
[    3.518247] systemd[1]: Starting systemd-journald.service - Journal Service...
[    3.519248] systemd[1]: Starting keyboard-setup.service - Set the console keyboard layout...
[    3.519851] systemd[1]: Starting kmod-static-nodes.service - Create List of Static Device Nodes...
[    3.520391] systemd[1]: Starting lvm2-monitor.service - Monitoring of LVM2 mirrors, snapshots etc. using dmeventd or progress polling...
[    3.521242] systemd[1]: Starting modprobe@configfs.service - Load Kernel Module configfs...
[    3.522180] systemd[1]: Starting modprobe@drm.service - Load Kernel Module drm...
[    3.523169] systemd[1]: Starting modprobe@efi_pstore.service - Load Kernel Module efi_pstore...
[    3.524075] systemd[1]: Starting modprobe@fuse.service - Load Kernel Module fuse...
[    3.524314] systemd[1]: systemd-hibernate-clear.service - Clear Stale Hibernate Storage Info was skipped because of an unmet condition check (ConditionPathExists=/sys/firmware/efi/efivars/HibernateLocation-8cf2644b-4b0b-428f-9387-6d876050dc67).
[    3.525416] systemd[1]: Starting systemd-modules-load.service - Load Kernel Modules...
[    3.525440] systemd[1]: systemd-pcrmachine.service - TPM PCR Machine ID Measurement was skipped because of an unmet condition check (ConditionSecurity=measured-uki).
[    3.526348] systemd[1]: Starting systemd-remount-fs.service - Remount Root and Kernel File Systems...
[    3.526398] systemd[1]: systemd-tpm2-setup-early.service - Early TPM SRK Setup was skipped because of an unmet condition check (ConditionSecurity=measured-uki).
[    3.527286] systemd[1]: Starting systemd-udev-load-credentials.service - Load udev Rules from Credentials...
[    3.528098] systemd[1]: Starting systemd-udev-trigger.service - Coldplug All udev Devices...
[    3.528262] pstore: Using crash dump compression: deflate
[    3.532367] systemd[1]: Mounted dev-hugepages.mount - Huge Pages File System.
[    3.532603] systemd[1]: Mounted dev-mqueue.mount - POSIX Message Queue File System.
[    3.532857] systemd[1]: Mounted run-lock.mount - Legacy Locks Directory /run/lock.
[    3.533202] systemd[1]: Mounted sys-kernel-debug.mount - Kernel Debug File System.
[    3.533397] systemd[1]: Mounted sys-kernel-tracing.mount - Kernel Trace File System.
[    3.533898] systemd[1]: Finished kmod-static-nodes.service - Create List of Static Device Nodes.
[    3.534390] systemd[1]: modprobe@configfs.service: Deactivated successfully.
[    3.534634] systemd[1]: Finished modprobe@configfs.service - Load Kernel Module configfs.
[    3.535899] systemd[1]: modprobe@drm.service: Deactivated successfully.
[    3.536272] systemd[1]: Finished modprobe@drm.service - Load Kernel Module drm.
[    3.536706] systemd[1]: modprobe@fuse.service: Deactivated successfully.
[    3.536988] systemd[1]: Finished modprobe@fuse.service - Load Kernel Module fuse.
[    3.538591] BTRFS info (device nvme0n1p3 state M): enabling auto defrag
[    3.538598] systemd[1]: Mounting sys-fs-fuse-connections.mount - FUSE Control File System...
[    3.540035] systemd[1]: Mounting sys-kernel-config.mount - Kernel Configuration File System...
[    3.540048] systemd-journald[422]: Collecting audit messages is disabled.
[    3.542404] systemd[1]: Starting systemd-tmpfiles-setup-dev-early.service - Create Static Device Nodes in /dev gracefully...
[    3.544866] input: SEMICO   USB Gaming Keyboard  System Control as /devices/pci0000:00/0000:00:14.0/usb1/1-4/1-4.4/1-4.4.1/1-4.4.1:1.1/0003:1A2C:99F4.0007/input/input33
[    3.544950] input: SEMICO   USB Gaming Keyboard  Keyboard as /devices/pci0000:00/0000:00:14.0/usb1/1-4/1-4.4/1-4.4.1/1-4.4.1:1.1/0003:1A2C:99F4.0007/input/input35
[    3.545071] hid-generic 0003:1A2C:99F4.0007: input,hiddev1,hidraw6: USB HID v1.10 Keyboard [SEMICO   USB Gaming Keyboard ] on usb-0000:00:14.0-4.4.1/input1
[    3.545855] systemd[1]: Finished systemd-remount-fs.service - Remount Root and Kernel File Systems.
[    3.546620] systemd[1]: Finished systemd-udev-load-credentials.service - Load udev Rules from Credentials.
[    3.548107] lp: driver loaded but no devices found
[    3.553796] pstore: Registered efi_pstore as persistent store backend
[    3.553843] systemd[1]: Mounted sys-fs-fuse-connections.mount - FUSE Control File System.
[    3.553924] systemd[1]: Mounted sys-kernel-config.mount - Kernel Configuration File System.
[    3.554542] ppdev: user-space parallel port driver
[    3.554857] systemd[1]: systemd-hwdb-update.service - Rebuild Hardware Database was skipped because of an unmet condition check (ConditionNeedsUpdate=/etc).
[    3.555489] systemd[1]: Starting systemd-random-seed.service - Load/Save OS Random Seed...
[    3.555501] systemd[1]: systemd-tpm2-setup.service - TPM SRK Setup was skipped because of an unmet condition check (ConditionSecurity=measured-uki).
[    3.555689] systemd[1]: modprobe@efi_pstore.service: Deactivated successfully.
[    3.555797] systemd[1]: Finished modprobe@efi_pstore.service - Load Kernel Module efi_pstore.
[    3.555890] systemd[1]: systemd-pstore.service - Platform Persistent Storage Archival was skipped because of an unmet condition check (ConditionDirectoryNotEmpty=/sys/fs/pstore).
[    3.557822] systemd[1]: Finished systemd-tmpfiles-setup-dev-early.service - Create Static Device Nodes in /dev gracefully.
[    3.557953] systemd[1]: systemd-sysusers.service - Create System Users was skipped because no trigger condition checks were met.
[    3.558712] systemd[1]: Starting systemd-tmpfiles-setup-dev.service - Create Static Device Nodes in /dev...
[    3.565920] systemd[1]: Finished keyboard-setup.service - Set the console keyboard layout.
[    3.580347] systemd[1]: Finished systemd-random-seed.service - Load/Save OS Random Seed.
[    3.583214] systemd[1]: Finished systemd-tmpfiles-setup-dev.service - Create Static Device Nodes in /dev.
[    3.584073] systemd[1]: Starting systemd-udevd.service - Rule-based Manager for Device Events and Files...
[    3.584238] systemd[1]: Finished lvm2-monitor.service - Monitoring of LVM2 mirrors, snapshots etc. using dmeventd or progress polling.
[    3.584300] systemd[1]: Reached target local-fs-pre.target - Preparation for Local File Systems.
[    3.592847] systemd[1]: Started systemd-journald.service - Journal Service.
[    3.598338] systemd-journald[422]: Received client request to flush runtime journal.
[    3.668636] usb 1-4.4.2: new high-speed USB device number 9 using xhci_hcd
[    3.804822] usb 1-4.4.2: New USB device found, idVendor=1a40, idProduct=0101, bcdDevice= 1.00
[    3.804828] usb 1-4.4.2: New USB device strings: Mfr=0, Product=1, SerialNumber=0
[    3.804831] usb 1-4.4.2: Product: USB 2.0 Hub [MTT]
[    3.809486] hub 1-4.4.2:1.0: USB hub found
[    3.809515] hub 1-4.4.2:1.0: 4 ports detected
[    4.214639] usb 1-4.4.2.1: new full-speed USB device number 10 using xhci_hcd
[    4.216818] Adding 33572860k swap on /dev/nvme0n1p2.  Priority:-2 extents:1 across:33572860k SS
[    4.220111] i915 0000:00:02.0: [drm] Found coffeelake (device ID 3e9b) integrated display version 9.00 stepping N/A
[    4.220608] i915 0000:00:02.0: [drm] VT-d active for gfx access
[    4.251957] input: MSI WMI hotkeys as /devices/virtual/input/input37
[    4.253282] cfg80211: Loading compiled-in X.509 certificates for regulatory database
[    4.253493] mei_me 0000:00:16.0: enabling device (0000 -> 0002)
[    4.253567] Loaded X.509 cert 'sforshee: 00b28ddf47aef9cea7'
[    4.253772] Loaded X.509 cert 'wens: 61c038651aabdcf94bd0ac7ff06c7248db18c600'
[    4.254401] RAPL PMU: API unit is 2^-32 Joules, 5 fixed counters, 655360 ms ovfl timer
[    4.254404] RAPL PMU: hw unit of domain pp0-core 2^-14 Joules
[    4.254406] RAPL PMU: hw unit of domain package 2^-14 Joules
[    4.254407] RAPL PMU: hw unit of domain dram 2^-14 Joules
[    4.254408] RAPL PMU: hw unit of domain pp1-gpu 2^-14 Joules
[    4.254409] RAPL PMU: hw unit of domain psys 2^-14 Joules
[    4.256173] i801_smbus 0000:00:1f.4: SPD Write Disable is set
[    4.256199] i801_smbus 0000:00:1f.4: SMBus using PCI interrupt
[    4.257240] i2c i2c-2: Successfully instantiated SPD at 0x50
[    4.258911] i915 0000:00:02.0: vgaarb: deactivate vga console
[    4.258964] i915 0000:00:02.0: [drm] Using Transparent Hugepages
[    4.260390] i915 0000:00:02.0: vgaarb: VGA decodes changed: olddecodes=io+mem,decodes=io+mem:owns=io+mem
[    4.262378] i915 0000:00:02.0: [drm] Finished loading DMC firmware i915/kbl_dmc_ver1_04.bin (v1.4)
[    4.297834] iwlwifi 0000:00:14.3: enabling device (0000 -> 0002)
[    4.299071] iwlwifi 0000:00:14.3: Detected crf-id 0x2816, cnv-id 0x1000100 wfpm id 0x80000000
[    4.299090] iwlwifi 0000:00:14.3: PCI dev a370/0034, rev=0x312, rfid=0x105110
[    4.299094] iwlwifi 0000:00:14.3: Detected Intel(R) Wireless-AC 9560 160MHz
[    4.306524] i915 0000:00:02.0: [drm] Registered 3 planes with drm panic
[    4.306530] [drm] Initialized i915 1.6.0 for 0000:00:02.0 on minor 1
[    4.312119] iwlwifi 0000:00:14.3: WRT: Overriding region id 0
[    4.312124] iwlwifi 0000:00:14.3: WRT: Overriding region id 1
[    4.312127] iwlwifi 0000:00:14.3: WRT: Overriding region id 2
[    4.312129] iwlwifi 0000:00:14.3: WRT: Overriding region id 3
[    4.312131] iwlwifi 0000:00:14.3: WRT: Overriding region id 4
[    4.312133] iwlwifi 0000:00:14.3: WRT: Overriding region id 6
[    4.312135] iwlwifi 0000:00:14.3: WRT: Overriding region id 8
[    4.312137] iwlwifi 0000:00:14.3: WRT: Overriding region id 9
[    4.312139] iwlwifi 0000:00:14.3: WRT: Overriding region id 10
[    4.312141] iwlwifi 0000:00:14.3: WRT: Overriding region id 11
[    4.312143] iwlwifi 0000:00:14.3: WRT: Overriding region id 15
[    4.312145] iwlwifi 0000:00:14.3: WRT: Overriding region id 16
[    4.312147] iwlwifi 0000:00:14.3: WRT: Overriding region id 18
[    4.312149] iwlwifi 0000:00:14.3: WRT: Overriding region id 19
[    4.312151] iwlwifi 0000:00:14.3: WRT: Overriding region id 20
[    4.312153] iwlwifi 0000:00:14.3: WRT: Overriding region id 21
[    4.312155] iwlwifi 0000:00:14.3: WRT: Overriding region id 28
[    4.312519] iwlwifi 0000:00:14.3: loaded firmware version 46.7e3e4b69.0 9000-pu-b0-jf-b0-46.ucode op_mode iwlmvm
[    4.342188] ACPI: video: Video Device [GFX0] (multi-head: yes  rom: no  post: no)
[    4.342702] input: Video Bus as /devices/LNXSYSTM:00/LNXSYBUS:00/PNP0A08:00/LNXVIDEO:00/input/input38
[    4.362686] mc: Linux media interface: v0.10
[    4.362728] intel_pmc_core INT33A1:00:  initialized
[    4.362894] input: gpio-keys as /devices/platform/ACPI0011:00/gpio-keys.1.auto/input/input39
[    4.364979] mei_hdcp 0000:00:16.0-b638ab7e-94e2-4ea2-a552-d1c54b627f04: bound 0000:00:02.0 (ops i915_hdcp_ops [i915])
[    4.365366] ee1004 2-0050: 512 byte EE1004-compliant SPD EEPROM, read-only
[    4.386881] Bluetooth: Core ver 2.22
[    4.415314] usb 1-4.4.2.1: New USB device found, idVendor=04b4, idProduct=5218, bcdDevice= 0.00
[    4.415317] usb 1-4.4.2.1: New USB device strings: Mfr=1, Product=2, SerialNumber=0
[    4.415319] usb 1-4.4.2.1: Product: USB-Serial Bridge
[    4.415320] usb 1-4.4.2.1: Manufacturer: Cypress Semiconductor
[    4.627145] NET: Registered PF_BLUETOOTH protocol family
[    4.627150] Bluetooth: HCI device and connection manager initialized
[    4.627156] Bluetooth: HCI socket layer initialized
[    4.627158] Bluetooth: L2CAP socket layer initialized
[    4.627167] Bluetooth: SCO socket layer initialized
[    4.634433] MXM: GUID detected in BIOS
[    4.634820] pci 0000:01:00.0: optimus capabilities: enabled, status dynamic power, hda bios codec supported
[    4.634824] VGA switcheroo: detected Optimus DSM method \_SB_.PCI0.PEG0.PEGP handle
[    4.634825] nouveau: detected PR support, will not use DSM
[    4.634903] nouveau 0000:01:00.0: NVIDIA TU117 (167000a1)
[    4.639042] spi-nor spi0.0: supply vcc not found, using dummy regulator
[    4.641166] loop0: detected capacity change from 0 to 8
[    4.641300] loop1: detected capacity change from 0 to 14880
[    4.645506] Creating 1 MTD partitions on "0000:00:1f.5":
[    4.645514] 0x000000000000-0x000001000000 : "BIOS"
[    4.646967] loop2: detected capacity change from 0 to 213456
[    4.647788] loop3: detected capacity change from 0 to 10664
[    4.650117] loop4: detected capacity change from 0 to 113640
[    4.653004] loop5: detected capacity change from 0 to 151392
[    4.661699] loop6: detected capacity change from 0 to 151456
[    4.663481] EXT4-fs (nvme0n1p1): mounted filesystem 25f761dd-f3f5-4c88-ac17-f5ad220b10b9 r/w with ordered data mode. Quota mode: none.
[    4.663543] loop7: detected capacity change from 0 to 136896
[    4.672805] loop8: detected capacity change from 0 to 369608
[    4.706232] nouveau 0000:01:00.0: bios: version 90.17.1b.00.20
[    4.711115] nouveau 0000:01:00.0: pmu: firmware unavailable
[    4.714690] nouveau 0000:01:00.0: fb: 4096 MiB GDDR5
[    4.715211] loop12: detected capacity change from 0 to 512824
[    4.715219] loop14: detected capacity change from 0 to 1057184
[    4.716347] loop21: detected capacity change from 0 to 760760
[    4.716982] loop20: detected capacity change from 0 to 3069288
[    4.717049] loop19: detected capacity change from 0 to 26968
[    4.717068] loop11: detected capacity change from 0 to 513184
[    4.717121] loop16: detected capacity change from 0 to 1371720
[    4.717178] loop24: detected capacity change from 0 to 104296
[    4.719063] loop10: detected capacity change from 0 to 127296
[    4.719202] loop25: detected capacity change from 0 to 463496
[    4.719792] loop18: detected capacity change from 0 to 528
[    4.719833] loop15: detected capacity change from 0 to 337560
[    4.720789] loop26: detected capacity change from 0 to 464296
[    4.721690] loop9: detected capacity change from 0 to 369952
[    4.721698] loop27: detected capacity change from 0 to 489512
[    4.721836] loop22: detected capacity change from 0 to 808920
[    4.723200] loop17: detected capacity change from 0 to 187776
[    4.724691] loop13: detected capacity change from 0 to 127344
[    4.725230] Adding 524284k swap on /swap/swapfile.  Priority:-3 extents:2 across:532924k SS
[    4.725536] loop23: detected capacity change from 0 to 103976
[    4.727080] usbcore: registered new interface driver btusb
[    4.736791] Bluetooth: hci0: Found device firmware: intel/ibt-17-16-1.sfi
[    4.736884] Bluetooth: hci0: Boot Address: 0x40800
[    4.736886] Bluetooth: hci0: Firmware Version: 201-12.24
[    4.736888] Bluetooth: hci0: Firmware already loaded
[    4.737124] ACPI: video: Video Device [PEGP] (multi-head: no  rom: yes  post: no)
[    4.738761] Bluetooth: hci0: HCI LE Coded PHY feature bit is set, but its usage is not supported.
[    4.739449] input: Video Bus as /devices/LNXSYSTM:00/LNXSYBUS:00/PNP0A08:00/device:13/LNXVIDEO:01/input/input40
[    4.760722] nouveau 0000:01:00.0: drm: VRAM: 4096 MiB
[    4.760727] nouveau 0000:01:00.0: drm: GART: 536870912 MiB
[    4.760730] nouveau 0000:01:00.0: drm: BIT table 'A' not found
[    4.760732] nouveau 0000:01:00.0: drm: BIT table 'L' not found
[    4.760734] nouveau 0000:01:00.0: drm: TMDS table version 2.0
[    4.761352] nouveau 0000:01:00.0: drm: MM: using COPY for buffer copies
[    4.761872] [drm] Initialized nouveau 1.4.0 for 0000:01:00.0 on minor 0
[    4.761925] nouveau 0000:01:00.0: [drm] No compatible format found
[    4.761928] nouveau 0000:01:00.0: [drm] Cannot find any crtc or sizes
[    4.761930] nouveau 0000:01:00.0: drm: Disabling PCI power management to avoid bug
[    4.768319] usb 1-4.2: Warning! Unlikely big volume range (=767), cval->res is probably wrong.
[    4.768324] usb 1-4.2: [4] FU [Mic Capture Volume] ch = 2, val = -4592/7680/16
[    4.769932] usb 1-4.2: Warning! Unlikely big volume range (=672), cval->res is probably wrong.
[    4.769936] usb 1-4.2: [7] FU [Lenovo USB Audio Playback Volume] ch = 6, val = -10752/0/16
[    4.770114] usbcore: registered new interface driver snd-usb-audio
[    4.802678] intel_tcc_cooling: Programmable TCC Offset detected
[    4.824254] iwlwifi 0000:00:14.3: base HW address: 50:e0:85:51:d4:b6, OTP minor version: 0x4
[    4.847539] intel_rapl_common: Found RAPL domain package
[    4.847543] intel_rapl_common: Found RAPL domain core
[    4.847544] intel_rapl_common: Found RAPL domain uncore
[    4.847545] intel_rapl_common: Found RAPL domain dram
[    4.847546] intel_rapl_common: Found RAPL domain psys
[    4.895121] snd_hda_intel 0000:00:1f.3: enabling device (0000 -> 0002)
[    4.900720] ieee80211 phy0: Selected rate control algorithm 'iwl-mvm-rs'
[    4.902340] iwlwifi 0000:00:14.3 wlo1: renamed from wlan0
[    5.454931] snd_hda_intel 0000:00:1f.3: bound 0000:00:02.0 (ops intel_audio_component_bind_ops [i915])
[    5.455526] fbcon: i915drmfb (fb0) is primary device
[    5.455527] fbcon: Deferring console take-over
[    5.455529] i915 0000:00:02.0: [drm] fb0: i915drmfb frame buffer device
[    5.462816] vga_switcheroo: enabled
[    5.466211] evdi: loading out-of-tree module taints kernel.
[    5.466216] evdi: module verification failed: signature and/or required key missing - tainting kernel
[    5.467473] evdi: [I] Initialising logging on level 4
[    5.467476] evdi: [I] Atomic driver: yes
[    5.467518] evdi: [I] Increasing device count to 4
[    5.467587] evdi: [I] (card2) Opened by Task 435 (systemd-modules) of process 435 (systemd-modules)
[    5.467596] evdi evdi.0: [drm] Cannot find any crtc or sizes
[    5.467745] [drm] Initialized evdi 1.14.11 for evdi.0 on minor 2
[    5.467755] evdi: [I] Evdi platform_device create
[    5.467813] evdi: [I] (card3) Opened by Task 435 (systemd-modules) of process 435 (systemd-modules)
[    5.467819] evdi evdi.1: [drm] Cannot find any crtc or sizes
[    5.467942] [drm] Initialized evdi 1.14.11 for evdi.1 on minor 3
[    5.467954] evdi: [I] Evdi platform_device create
[    5.468037] evdi: [I] (card4) Opened by Task 435 (systemd-modules) of process 435 (systemd-modules)
[    5.468042] evdi evdi.2: [drm] Cannot find any crtc or sizes
[    5.468176] [drm] Initialized evdi 1.14.11 for evdi.2 on minor 4
[    5.468185] evdi: [I] Evdi platform_device create
[    5.468253] evdi: [I] (card5) Opened by Task 435 (systemd-modules) of process 435 (systemd-modules)
[    5.468259] evdi evdi.3: [drm] Cannot find any crtc or sizes
[    5.468386] [drm] Initialized evdi 1.14.11 for evdi.3 on minor 5
[    5.468396] evdi: [I] Evdi platform_device create
[    5.482084] msi_ec: module_init
[    5.482507] ACPI: battery: new hook: msi-ec
[    5.493897] snd_hda_codec_alc269 hdaudioC0D0: autoconfig for ALC269VC: line_outs=1 (0x14/0x0/0x0/0x0/0x0) type:speaker
[    5.493903] snd_hda_codec_alc269 hdaudioC0D0:    speaker_outs=0 (0x0/0x0/0x0/0x0/0x0)
[    5.493905] snd_hda_codec_alc269 hdaudioC0D0:    hp_outs=1 (0x15/0x0/0x0/0x0/0x0)
[    5.493907] snd_hda_codec_alc269 hdaudioC0D0:    mono: mono_out=0x0
[    5.493909] snd_hda_codec_alc269 hdaudioC0D0:    inputs:
[    5.493910] snd_hda_codec_alc269 hdaudioC0D0:      Internal Mic=0x12
[    5.493912] snd_hda_codec_alc269 hdaudioC0D0:      Mic=0x18
[    5.511880] input: HDA Intel PCH Mic as /devices/pci0000:00/0000:00:1f.3/sound/card0/input41
[    5.511952] input: HDA Intel PCH Front Headphone as /devices/pci0000:00/0000:00:1f.3/sound/card0/input42
[    5.512036] input: HDA Intel PCH HDMI/DP,pcm=3 as /devices/pci0000:00/0000:00:1f.3/sound/card0/input43
[    5.512112] input: HDA Intel PCH HDMI/DP,pcm=7 as /devices/pci0000:00/0000:00:1f.3/sound/card0/input44
[    5.512180] input: HDA Intel PCH HDMI/DP,pcm=8 as /devices/pci0000:00/0000:00:1f.3/sound/card0/input45
[    5.531641] audit: type=1400 audit(1765452055.453:2): apparmor="STATUS" operation="profile_load" profile="unconfined" name="buildah" pid=1103 comm="apparmor_parser"
[    5.531685] audit: type=1400 audit(1765452055.453:3): apparmor="STATUS" operation="profile_load" profile="unconfined" name="balena-etcher" pid=1099 comm="apparmor_parser"
[    5.531714] audit: type=1400 audit(1765452055.453:4): apparmor="STATUS" operation="profile_load" profile="unconfined" name="QtWebEngineProcess" pid=1094 comm="apparmor_parser"
[    5.531844] audit: type=1400 audit(1765452055.453:5): apparmor="STATUS" operation="profile_load" profile="unconfined" name="1password" pid=1091 comm="apparmor_parser"
[    5.531886] audit: type=1400 audit(1765452055.453:6): apparmor="STATUS" operation="profile_load" profile="unconfined" name=4D6F6E676F444220436F6D70617373 pid=1093 comm="apparmor_parser"
[    5.532819] audit: type=1400 audit(1765452055.454:7): apparmor="STATUS" operation="profile_load" profile="unconfined" name="brave" pid=1102 comm="apparmor_parser"
[    5.533335] audit: type=1400 audit(1765452055.454:8): apparmor="STATUS" operation="profile_load" profile="unconfined" name="cam" pid=1110 comm="apparmor_parser"
[    5.533356] audit: type=1400 audit(1765452055.454:9): apparmor="STATUS" operation="profile_load" profile="unconfined" name="Discord" pid=1092 comm="apparmor_parser"
[    5.533571] audit: type=1400 audit(1765452055.454:10): apparmor="STATUS" operation="profile_load" profile="unconfined" name="ch-run" pid=1112 comm="apparmor_parser"
[    5.533912] audit: type=1400 audit(1765452055.455:11): apparmor="STATUS" operation="profile_load" profile="unconfined" name="ch-checkns" pid=1111 comm="apparmor_parser"
[    6.235361] evdi: [I] (card2) Opened by Task 301 (plymouthd) of process 301 (plymouthd)
[    6.235390] evdi: [I] (card2) Closed by Task 301 (plymouthd) of process 301 (plymouthd)
[    6.235416] evdi: [I] (card5) Opened by Task 301 (plymouthd) of process 301 (plymouthd)
[    6.235436] evdi: [I] (card5) Closed by Task 301 (plymouthd) of process 301 (plymouthd)
[    6.235460] evdi: [I] (card3) Opened by Task 301 (plymouthd) of process 301 (plymouthd)
[    6.235479] evdi: [I] (card3) Closed by Task 301 (plymouthd) of process 301 (plymouthd)
[    6.235510] evdi: [I] (card4) Opened by Task 301 (plymouthd) of process 301 (plymouthd)
[    6.235529] evdi: [I] (card4) Closed by Task 301 (plymouthd) of process 301 (plymouthd)
[    6.597021] evdi: [I] (card4) Opened by Task 301 (plymouthd) of process 301 (plymouthd)
[    6.597066] evdi: [I] (card4) Closed by Task 301 (plymouthd) of process 301 (plymouthd)
[    6.946845] evdi: [I] (card5) Opened by Task 301 (plymouthd) of process 301 (plymouthd)
[    6.946889] evdi: [I] (card5) Closed by Task 301 (plymouthd) of process 301 (plymouthd)
[    6.946926] evdi: [I] (card2) Opened by Task 301 (plymouthd) of process 301 (plymouthd)
[    6.946951] evdi: [I] (card2) Closed by Task 301 (plymouthd) of process 301 (plymouthd)
[    6.946979] evdi: [I] (card3) Opened by Task 301 (plymouthd) of process 301 (plymouthd)
[    6.947003] evdi: [I] (card3) Closed by Task 301 (plymouthd) of process 301 (plymouthd)
[    7.556917] nvme nvme0: using unchecked data buffer
[    7.589867] Bluetooth: BNEP (Ethernet Emulation) ver 1.3
[    7.589871] Bluetooth: BNEP filters: protocol multicast
[    7.589875] Bluetooth: BNEP socket layer initialized
[    7.595249] Bluetooth: MGMT ver 1.23
[    7.601199] NET: Registered PF_ALG protocol family
[    7.632263] Bluetooth: RFCOMM TTY layer initialized
[    7.632275] Bluetooth: RFCOMM socket layer initialized
[    7.632280] Bluetooth: RFCOMM ver 1.11
[    7.672161] loop28: detected capacity change from 0 to 8
[    7.699767] block nvme0n1: No UUID available providing old NGUID
[    7.735025] NET: Registered PF_QIPCRTR protocol family
[    8.293705] Generic FE-GE Realtek PHY r8169-0-300:00: attached PHY driver (mii_bus:phy_addr=r8169-0-300:00, irq=MAC)
[    8.440846] r8169 0000:03:00.0 enp3s0: Link is Down
[   10.077789] evdi: [I] (card2) Opened by Task 301 (plymouthd) of process 301 (plymouthd)
[   10.077847] evdi: [I] (card2) Closed by Task 301 (plymouthd) of process 301 (plymouthd)
[   10.078247] evdi: [I] (card3) Opened by Task 301 (plymouthd) of process 301 (plymouthd)
[   10.078300] evdi: [I] (card3) Closed by Task 301 (plymouthd) of process 301 (plymouthd)
[   10.078713] evdi: [I] (card4) Opened by Task 301 (plymouthd) of process 301 (plymouthd)
[   10.078769] evdi: [I] (card4) Closed by Task 301 (plymouthd) of process 301 (plymouthd)
[   10.079176] evdi: [I] (card5) Opened by Task 301 (plymouthd) of process 301 (plymouthd)
[   10.079228] evdi: [I] (card5) Closed by Task 301 (plymouthd) of process 301 (plymouthd)
[   11.984220] wlo1: authenticate with 18:6a:81:da:00:cf (local address=50:e0:85:51:d4:b6)
[   11.985207] wlo1: send auth to 18:6a:81:da:00:cf (try 1/3)
[   12.025944] wlo1: authenticated
[   12.026754] wlo1: associate with 18:6a:81:da:00:cf (try 1/3)
[   12.028584] wlo1: RX AssocResp from 18:6a:81:da:00:cf (capab=0x1011 status=0 aid=18)
[   12.031861] wlo1: associated
[   12.049219] wlo1: Limiting TX power to 30 (30 - 0) dBm as advertised by 18:6a:81:da:00:cf
[   14.531971] bridge: filtering via arp/ip/ip6tables is no longer available by default. Update your scripts to load br_netfilter if you need this.
[   17.708271] evdi: [I] (card5) Opened by Task 1417 (gpu-manager) of process 1417 (gpu-manager)
[   17.708339] evdi: [I] (card5) Closed by Task 1417 (gpu-manager) of process 1417 (gpu-manager)
[   17.708374] evdi: [I] (card4) Opened by Task 1417 (gpu-manager) of process 1417 (gpu-manager)
[   17.708400] evdi: [I] (card4) Closed by Task 1417 (gpu-manager) of process 1417 (gpu-manager)
[   17.708423] evdi: [I] (card3) Opened by Task 1417 (gpu-manager) of process 1417 (gpu-manager)
[   17.708447] evdi: [I] (card3) Closed by Task 1417 (gpu-manager) of process 1417 (gpu-manager)
[   17.708470] evdi: [I] (card2) Opened by Task 1417 (gpu-manager) of process 1417 (gpu-manager)
[   17.708492] evdi: [I] (card2) Closed by Task 1417 (gpu-manager) of process 1417 (gpu-manager)
[   17.725579] evdi: [I] (card5) Opened by Task 1417 (gpu-manager) of process 1417 (gpu-manager)
[   17.725634] evdi: [I] (card5) Closed by Task 1417 (gpu-manager) of process 1417 (gpu-manager)
[   17.725669] evdi: [I] (card4) Opened by Task 1417 (gpu-manager) of process 1417 (gpu-manager)
[   17.725695] evdi: [I] (card4) Closed by Task 1417 (gpu-manager) of process 1417 (gpu-manager)
[   17.725719] evdi: [I] (card3) Opened by Task 1417 (gpu-manager) of process 1417 (gpu-manager)
[   17.725742] evdi: [I] (card3) Closed by Task 1417 (gpu-manager) of process 1417 (gpu-manager)
[   17.725766] evdi: [I] (card2) Opened by Task 1417 (gpu-manager) of process 1417 (gpu-manager)
[   17.725836] evdi: [I] (card2) Closed by Task 1417 (gpu-manager) of process 1417 (gpu-manager)
[   17.742215] evdi: [I] (card5) Opened by Task 1417 (gpu-manager) of process 1417 (gpu-manager)
[   17.742270] evdi: [I] (card5) Closed by Task 1417 (gpu-manager) of process 1417 (gpu-manager)
[   17.742303] evdi: [I] (card4) Opened by Task 1417 (gpu-manager) of process 1417 (gpu-manager)
[   17.742328] evdi: [I] (card4) Closed by Task 1417 (gpu-manager) of process 1417 (gpu-manager)
[   17.742353] evdi: [I] (card3) Opened by Task 1417 (gpu-manager) of process 1417 (gpu-manager)
[   17.742376] evdi: [I] (card3) Closed by Task 1417 (gpu-manager) of process 1417 (gpu-manager)
[   17.742398] evdi: [I] (card2) Opened by Task 1417 (gpu-manager) of process 1417 (gpu-manager)
[   17.742421] evdi: [I] (card2) Closed by Task 1417 (gpu-manager) of process 1417 (gpu-manager)
[   17.742822] evdi: [I] (card5) Opened by Task 1417 (gpu-manager) of process 1417 (gpu-manager)
[   17.742863] evdi: [I] (card5) Closed by Task 1417 (gpu-manager) of process 1417 (gpu-manager)
[   17.742897] evdi: [I] (card4) Opened by Task 1417 (gpu-manager) of process 1417 (gpu-manager)
[   17.742922] evdi: [I] (card4) Closed by Task 1417 (gpu-manager) of process 1417 (gpu-manager)
[   17.742947] evdi: [I] (card3) Opened by Task 1417 (gpu-manager) of process 1417 (gpu-manager)
[   17.742971] evdi: [I] (card3) Closed by Task 1417 (gpu-manager) of process 1417 (gpu-manager)
[   17.742997] evdi: [I] (card2) Opened by Task 1417 (gpu-manager) of process 1417 (gpu-manager)
[   17.743020] evdi: [I] (card2) Closed by Task 1417 (gpu-manager) of process 1417 (gpu-manager)
[   17.846540] kauditd_printk_skb: 271 callbacks suppressed
[   17.846542] audit: type=1400 audit(1765452067.767:283): apparmor="ALLOWED" operation="open" class="file" profile="Xorg_wrap" name="/etc/X11/Xwrapper.config" pid=4471 comm="Xorg.wrap" requested_mask="r" denied_mask="r" fsuid=0 ouid=0
[   17.846545] audit: type=1400 audit(1765452067.767:284): apparmor="ALLOWED" operation="file_perm" class="file" profile="Xorg_wrap" name="/etc/X11/Xwrapper.config" pid=4471 comm="Xorg.wrap" requested_mask="r" denied_mask="r" fsuid=0 ouid=0
[   17.846552] audit: type=1400 audit(1765452067.767:285): apparmor="ALLOWED" operation="file_perm" class="file" profile="Xorg_wrap" name="/etc/X11/Xwrapper.config" pid=4471 comm="Xorg.wrap" requested_mask="r" denied_mask="r" fsuid=0 ouid=0
[   17.846583] audit: type=1400 audit(1765452067.767:286): apparmor="ALLOWED" operation="capable" class="cap" profile="Xorg_wrap" pid=4471 comm="Xorg.wrap" capability=21  capname="sys_admin"
[   17.858585] evdi: [I] (card2) Opened by Task 4471 (Xorg.wrap) of process 4471 (Xorg.wrap)
[   17.858596] evdi: [I] (card2) Closed by Task 4471 (Xorg.wrap) of process 4471 (Xorg.wrap)
[   17.858606] evdi: [I] (card3) Opened by Task 4471 (Xorg.wrap) of process 4471 (Xorg.wrap)
[   17.858613] evdi: [I] (card3) Closed by Task 4471 (Xorg.wrap) of process 4471 (Xorg.wrap)
[   17.858621] evdi: [I] (card4) Opened by Task 4471 (Xorg.wrap) of process 4471 (Xorg.wrap)
[   17.858628] evdi: [I] (card4) Closed by Task 4471 (Xorg.wrap) of process 4471 (Xorg.wrap)
[   17.858636] evdi: [I] (card5) Opened by Task 4471 (Xorg.wrap) of process 4471 (Xorg.wrap)
[   17.858642] evdi: [I] (card5) Closed by Task 4471 (Xorg.wrap) of process 4471 (Xorg.wrap)
[   17.867666] audit: type=1400 audit(1765452067.788:287): apparmor="ALLOWED" operation="capable" class="cap" profile="Xorg" pid=4471 comm="Xorg" capability=12  capname="net_admin"
[   17.875619] evdi: [I] (card2) Opened by Task 4471 (Xorg) of process 4471 (Xorg)
[   17.875637] evdi: [I] (card2) Closed by Task 4471 (Xorg) of process 4471 (Xorg)
[   17.875862] evdi: [I] (card3) Opened by Task 4471 (Xorg) of process 4471 (Xorg)
[   17.875877] evdi: [I] (card3) Closed by Task 4471 (Xorg) of process 4471 (Xorg)
[   17.876106] evdi: [I] (card4) Opened by Task 4471 (Xorg) of process 4471 (Xorg)
[   17.876121] evdi: [I] (card4) Closed by Task 4471 (Xorg) of process 4471 (Xorg)
[   17.876362] evdi: [I] (card5) Opened by Task 4471 (Xorg) of process 4471 (Xorg)
[   17.876377] evdi: [I] (card5) Closed by Task 4471 (Xorg) of process 4471 (Xorg)
[   18.193139] evdi: [I] (card2) Opened by Task 4471 (Xorg) of process 4471 (Xorg)
[   18.193171] evdi: [I] (card2) Closed by Task 4471 (Xorg) of process 4471 (Xorg)
[   18.193234] evdi: [I] (card3) Opened by Task 4471 (Xorg) of process 4471 (Xorg)
[   18.193259] evdi: [I] (card3) Closed by Task 4471 (Xorg) of process 4471 (Xorg)
[   18.193329] evdi: [I] (card4) Opened by Task 4471 (Xorg) of process 4471 (Xorg)
[   18.193354] evdi: [I] (card4) Closed by Task 4471 (Xorg) of process 4471 (Xorg)
[   18.193411] evdi: [I] (card5) Opened by Task 4471 (Xorg) of process 4471 (Xorg)
[   18.193435] evdi: [I] (card5) Closed by Task 4471 (Xorg) of process 4471 (Xorg)
[   18.581655] evdi: [I] Attaching to usb:1-4.2
[   19.440884] evdi: [I] (card2) Opened by Task 4471 (Xorg) of process 4471 (Xorg)
[   19.465886] evdi: [I] (card3) Opened by Task 4471 (Xorg) of process 4471 (Xorg)
[   19.486042] evdi: [I] (card4) Opened by Task 4471 (Xorg) of process 4471 (Xorg)
[   19.505355] evdi: [I] (card5) Opened by Task 4471 (Xorg) of process 4471 (Xorg)
[   19.508415] evdi: [I] (card2) Opened by Task 4445 (DisplayLinkMana) of process 4421 (DisplayLinkMana)
[   19.509592] evdi: [I] (card2) Added i2c adapter bus number 26
[   19.509595] evdi: [I] (card2) Connected with Task 4452 (DisplayLinkMana) of process 4421 (DisplayLinkMana)
